============================================================
Commit: 4a3b541 [366 dirty] — chore(workflow): switch to Mutagen-based code sync, retire inline git push
Run job:    55495638 array task 23 on m3g113
============================================================
Added ptxas to PATH: /scratch/fc37/aman0087/conda/envs/ds_env_v10/lib/python3.11/site-packages/nvidia/cu13/bin

=== CUDA Environment Check ===
Driver CUDA version: 13.0
ptxas CUDA version:  13.2

ERROR: ptxas CUDA version (13.2) > driver CUDA version (13.0)
  XLA will disable parallel compilation, causing 2-5x slower JIT.
  FIX: pip install -r cluster/requirements-gpu.txt
WARNING: CUDA compatibility issue detected (non-fatal, continuing)

============================================================
Phase 32 Sampler Audit -- Cell 23
============================================================
Job ID:    55495638_23
Node:      m3g113
GPU(s):    0
JAX cache: /scratch/fc37/aman0087/.jax_cache_gpu/shared
Conda env: ds_env_v10
Start:     Tue May 19 04:24:43 AM AEST 2026
============================================================

Running audit cell 23...

Validating cell_id decode logic...
  [OK] All 26 cell_id decode assertions passed.

============================================================
Phase 32 Sampler Audit -- Cell 23
============================================================
  Backend:     numpyro
  Model:       hgf_3level
  n_per_group: 10
  P_total:     60
  Mass matrix: diagonal
  Seed:        43
  Run type:    noise-floor
  Job ID:      55495638_23
============================================================


============================================================
CELL 23 FAILED (exit code: 1)

End: Tue May 19 04:24:45 AM AEST 2026
============================================================
