============================================================
Commit: 4a3b541 [330 dirty] — chore(workflow): switch to Mutagen-based code sync, retire inline git push
Run job:    55495608 array task 7 on m3g118
============================================================
Added ptxas to PATH: /scratch/fc37/aman0087/conda/envs/ds_env_v10/lib/python3.11/site-packages/nvidia/cu13/bin

=== CUDA Environment Check ===
Driver CUDA version: 13.0
ptxas CUDA version:  13.2

ERROR: ptxas CUDA version (13.2) > driver CUDA version (13.0)
  XLA will disable parallel compilation, causing 2-5x slower JIT.
  FIX: pip install -r cluster/requirements-gpu.txt
WARNING: CUDA compatibility issue detected (non-fatal, continuing)

============================================================
Phase 32 Sampler Audit -- Cell 7
============================================================
Job ID:    55495608_7
Node:      m3g118
GPU(s):    0
JAX cache: /scratch/fc37/aman0087/.jax_cache_gpu/shared
Conda env: ds_env_v10
Start:     Tue May 19 04:21:40 AM AEST 2026
============================================================

Running audit cell 7...

Validating cell_id decode logic...
  [OK] All 26 cell_id decode assertions passed.

============================================================
Phase 32 Sampler Audit -- Cell 07
============================================================
  Backend:     blackjax
  Model:       hgf_3level
  n_per_group: 17
  P_total:     102
  Mass matrix: diagonal
  Seed:        42
  Run type:    head-to-head
  Job ID:      55495608_7
============================================================


============================================================
CELL 7 FAILED (exit code: 1)

End: Tue May 19 04:21:41 AM AEST 2026
============================================================
