Jax plugin configuration error: Exception when calling jax_plugins.xla_cuda12.initialize()
Traceback (most recent call last):
  File "/scratch/fc37/aman0087/conda/envs/ds_env_v10/lib/python3.11/site-packages/jax_plugins/xla_cuda12/__init__.py", line 201, in _version_check
    version = get_version()
              ^^^^^^^^^^^^^
RuntimeError: jaxlib/cuda/versions_helpers.cc:85: operation cusparseGetProperty(MAJOR_VERSION, &major) failed: The cuSPARSE library was not found.

The above exception was the direct cause of the following exception:

Traceback (most recent call last):
  File "/scratch/fc37/aman0087/conda/envs/ds_env_v10/lib/python3.11/site-packages/jax/_src/xla_bridge.py", line 487, in discover_pjrt_plugins
    plugin_module.initialize()
  File "/scratch/fc37/aman0087/conda/envs/ds_env_v10/lib/python3.11/site-packages/jax_plugins/xla_cuda12/__init__.py", line 370, in initialize
    _check_cuda_versions(raise_on_first_error = True)
  File "/scratch/fc37/aman0087/conda/envs/ds_env_v10/lib/python3.11/site-packages/jax_plugins/xla_cuda12/__init__.py", line 266, in _check_cuda_versions
    _version_check("cuSPARSE", cuda_versions.cusparse_get_version,
  File "/scratch/fc37/aman0087/conda/envs/ds_env_v10/lib/python3.11/site-packages/jax_plugins/xla_cuda12/__init__.py", line 205, in _version_check
    raise RuntimeError(err_msg) from e
RuntimeError: Unable to load cuSPARSE. Is it installed?
An NVIDIA GPU may be present on this machine, but a CUDA-enabled jaxlib is not installed. Falling back to cpu.
Traceback (most recent call last):
  File "<string>", line 1, in <module>
AssertionError: No GPU: [CpuDevice(id=0)]
