============================================================
Commit: 4a3b541 [399 dirty] — chore(workflow): switch to Mutagen-based code sync, retire inline git push
Run job:    55529661 array task 28 on m3t100
============================================================
Added ptxas to PATH: /scratch/fc37/aman0087/conda/envs/ds_env_v10/lib/python3.11/site-packages/nvidia/cu13/bin

=== CUDA Environment Check ===
Driver CUDA version: 13.0
ptxas CUDA version:  13.2

ERROR: ptxas CUDA version (13.2) > driver CUDA version (13.0)
  XLA will disable parallel compilation, causing 2-5x slower JIT.
  FIX: pip install -r cluster/requirements-gpu.txt
WARNING: CUDA compatibility issue detected (non-fatal, continuing)

============================================================
Phase 31 Grid Sweep — Cell 28
============================================================
Job ID:    55529661_28
Node:      m3t100
GPU(s):    0
JAX cache: /scratch/fc37/aman0087/.jax_cache_gpu/shared
Conda env: ds_env_v10
Start:     Wed May 20 06:07:14 PM AEST 2026
============================================================

Running benchmark cell 28...

============================================================
Phase 31 Grid Sweep — Cell 0028
============================================================
  Model:       hgf_3level
  n_per_group: 10
  P_total:     60
  Mitigation:  none
  Job ID:      55529661_28
============================================================

Loaded FitConfig: configs/fit/none_3level.yaml
  n_draws=2000, mass=diagonal, laplace=False, fp64=False

Wrote started marker: models/power/bench_mode_a_results/cell_0028_started.json

Simulating cohort (n_per_group=10)...
Collecting participant-session parameters and trial sequences…
Collection done in 0.2s. Running JAX vmap…
JAX vmap completed in 1.8s.
  Simulation done in 7.7s (25200 trial rows)

Fitting (cell 0028)...
[fit_batch_hierarchical] entered: model=hgf_3level sampler=blackjax n_chains=4 n_tune=1000 n_draws=2000 target_accept=0.95 warmup_skipped=False sim_df_rows=25200
[fit_batch_hierarchical t=1.3s] cohort assembled: P=60 n_trials=420 (BlackJAX path, Mode A)
[fit_batch_hierarchical t=1.3s] building closure-based logdensity (warmup-only, no JIT yet)
[fit_batch_hierarchical t=1.3s] logdensity built in 0.0s
[fit_batch_hierarchical t=1.3s] dispatching to _run_blackjax_nuts
[hierarchical] _run_blackjax_nuts entered: model=hgf_3level P=60 n_chains=4 n_tune=1000 n_draws=2000 warmup_skipped=False
[hierarchical t=0.0s] starting window_adaptation (num_steps=1000, target_accept=0.95)
