============================================================
Commit: 4a3b541 [391 dirty] — chore(workflow): switch to Mutagen-based code sync, retire inline git push
Run job:    55519892 array task 12 on m3t100
============================================================
Added ptxas to PATH: /scratch/fc37/aman0087/conda/envs/ds_env_v10/lib/python3.11/site-packages/nvidia/cu13/bin

=== CUDA Environment Check ===
Driver CUDA version: 13.0
ptxas CUDA version:  13.2

ERROR: ptxas CUDA version (13.2) > driver CUDA version (13.0)
  XLA will disable parallel compilation, causing 2-5x slower JIT.
  FIX: pip install -r cluster/requirements-gpu.txt
WARNING: CUDA compatibility issue detected (non-fatal, continuing)

============================================================
Phase 31 Grid Sweep — Cell 12
============================================================
Job ID:    55519892_12
Node:      m3t100
GPU(s):    0
JAX cache: /scratch/fc37/aman0087/.jax_cache_gpu/shared
Conda env: ds_env_v10
Start:     Wed May 20 02:09:02 PM AEST 2026
============================================================

Running benchmark cell 12...

============================================================
Phase 31 Grid Sweep — Cell 0012
============================================================
  Model:       hgf_2level
  n_per_group: 25
  P_total:     150
  Mitigation:  none
  Job ID:      55519892_12
============================================================

Loaded FitConfig: configs/fit/none_2level.yaml
  n_draws=2000, mass=diagonal, laplace=False, fp64=False

Wrote started marker: models/power/bench_mode_a_results/cell_0012_started.json

Simulating cohort (n_per_group=25)...
Collecting participant-session parameters and trial sequences…
Collection done in 0.4s. Running JAX vmap…
JAX vmap completed in 5.2s.
  Simulation done in 20.2s (63000 trial rows)

Fitting (cell 0012)...
[fit_batch_hierarchical] entered: model=hgf_2level sampler=blackjax n_chains=4 n_tune=1000 n_draws=2000 target_accept=0.95 warmup_skipped=False sim_df_rows=63000
[fit_batch_hierarchical t=0.6s] cohort assembled: P=150 n_trials=420 (BlackJAX path, Mode A)
[fit_batch_hierarchical t=0.6s] building closure-based logdensity (warmup-only, no JIT yet)
[fit_batch_hierarchical t=0.6s] logdensity built in 0.0s
[fit_batch_hierarchical t=0.6s] dispatching to _run_blackjax_nuts
[hierarchical] _run_blackjax_nuts entered: model=hgf_2level P=150 n_chains=4 n_tune=1000 n_draws=2000 warmup_skipped=False
[hierarchical t=0.0s] starting window_adaptation (num_steps=1000, target_accept=0.95)
