============================================================
Commit: 4a3b541 [414 dirty] — chore(workflow): switch to Mutagen-based code sync, retire inline git push
Run job:    55534397 array task 3 on m3g109
============================================================
Added ptxas to PATH: /scratch/fc37/aman0087/conda/envs/ds_env_v10/lib/python3.11/site-packages/nvidia/cu13/bin

=== CUDA Environment Check ===
Driver CUDA version: 13.0
ptxas CUDA version:  13.2

ERROR: ptxas CUDA version (13.2) > driver CUDA version (13.0)
  XLA will disable parallel compilation, causing 2-5x slower JIT.
  FIX: pip install -r cluster/requirements-gpu.txt
WARNING: CUDA compatibility issue detected (non-fatal, continuing)

============================================================
Phase 34 Grid Sweep — Cell 3
============================================================
Job ID:    55534397_3
Node:      m3g109
GPU(s):    0
JAX cache: /scratch/fc37/aman0087/.jax_cache_gpu/shared
Conda env: ds_env_v10
Start:     Wed May 20 10:03:19 PM AEST 2026
============================================================

Running benchmark cell 3...

============================================================
Phase 34 Grid Sweep (Mode B) — Cell 0003
============================================================
  Model:       hgf_2level
  n_per_group: 10
  P_total:     60
  Mitigation:  hier+M1+M2+Laplace+covariates
  Has cov:     True
  Cohort seed: 99000
  MCMC seed:   99003
  Job ID:      55534397_3
============================================================

Loaded FitConfig: configs/fit/hier_m1_m2_laplace_cov_2level.yaml
  n_draws=2000, mass=dense, laplace=True, non_centered=('omega_2', 'log_beta', 'zeta'), pooling=hierarchical

Wrote started marker: models/power/bench_mode_b_results/cell_0003_started.json

Simulating hierarchical cohort (n_per_group=10)...
  Simulation done in 17.0s (25200 trial rows)

Fitting (cell 0003)...
[fit_batch_hierarchical] entered: model=hgf_2level sampler=blackjax n_chains=4 n_tune=1000 n_draws=2000 target_accept=0.95 warmup_skipped=False sim_df_rows=25200
[fit_batch_hierarchical t=0.4s] cohort assembled: P=60 n_trials=420 (BlackJAX path, Mode B)
[fit_batch_hierarchical t=0.4s] building closure-based logdensity (warmup-only, no JIT yet)
[fit_batch_hierarchical t=0.8s] logdensity built in 0.4s
[fit_batch_hierarchical t=0.8s] dispatching to _run_blackjax_nuts

============================================================
CRASH after 18.2s: tuple index out of range
Traceback (most recent call last):
  File "/fs04/fc37/adam/projects/hgf-analysis/scripts/03_pre_analysis/16_benchmark_hierarchical.py", line 406, in main
    idata = fit_batch_hierarchical(
            ^^^^^^^^^^^^^^^^^^^^^^^
  File "/fs04/fc37/adam/projects/hgf-analysis/src/prl_hgf/fitting/hierarchical.py", line 3857, in fit_batch_hierarchical
    positions, sample_stats, n_chains_actual, adapted_params = _run_blackjax_nuts(
                                                               ^^^^^^^^^^^^^^^^^^^
  File "/fs04/fc37/adam/projects/hgf-analysis/src/prl_hgf/fitting/hierarchical.py", line 1803, in _run_blackjax_nuts
    _p_axis = jax.tree_util.tree_leaves(initial_position)[0].shape[0]
              ~~~~~~~~~~~~~~~~~~~~~~~~~~~~~~~~~~~~~~~~~~~~~~~~~~~~^^^
IndexError: tuple index out of range

============================================================

Result written: models/power/bench_mode_b_results/cell_0003.json

============================================================
CELL 3 COMPLETE
Result:
{
    "cell_id": 3,
    "model": "hgf_2level",
    "n_per_group": 10,
    "p_total": 60,
    "mitigation_combo": "hier+M1+M2+Laplace+covariates",
    "has_covariate": true,
    "cohort_seed": 99000,
    "mcmc_seed": 99003,
    "status": "CRASH",
    "walltime_s": 18.17,
    "rhat_max": null,
    "ess_min": null,
    "divergent_rate": null,
    "recovery_r_individual": null,
    "recovery_r_mu": null,
    "recovery_sigma": null,
    "fit_config_yaml": "configs/fit/hier_m1_m2_laplace_cov_2level.yaml",
    "job_id": "55534397_3",
    "commit": "4a3b541",
    "error": "tuple index out of range",
    "traceback": "Traceback (most recent call last):\n  File \"/fs04/fc37/adam/projects/hgf-analysis/scripts/03_pre_analysis/16_benchmark_hierarchical.py\", line 406, in main\n    idata = fit_batch_hierarchical(\n            ^^^^^^^^^^^^^^^^^^^^^^^\n  File \"/fs04/fc37/adam/projects/hgf-analysis/src/prl_hgf/fitting/hierarchical.py\", line 3857, in fit_batch_hierarchical\n    positions, sample_stats, n_chains_actual, adapted_params = _run_blackjax_nuts(\n                                                               ^^^^^^^^^^^^^^^^^^^\n  File \"/fs04/fc37/adam/projects/hgf-analysis/src/prl_hgf/fitting/hierarchical.py\", line 1803, in _run_blackjax_nuts\n    _p_axis = jax.tree_util.tree_leaves(initial_position)[0].shape[0]\n              ~~~~~~~~~~~~~~~~~~~~~~~~~~~~~~~~~~~~~~~~~~~~~~~~~~~~^^^\nIndexError: tuple index out of range\n"
}

End: Wed May 20 10:04:13 PM AEST 2026
============================================================
