============================================================
Commit: 4a3b541 [399 dirty] — chore(workflow): switch to Mutagen-based code sync, retire inline git push
Run job:    55529662 array task 31 on m3t100
============================================================
Added ptxas to PATH: /scratch/fc37/aman0087/conda/envs/ds_env_v10/lib/python3.11/site-packages/nvidia/cu13/bin

=== CUDA Environment Check ===
Driver CUDA version: 13.0
ptxas CUDA version:  13.2

ERROR: ptxas CUDA version (13.2) > driver CUDA version (13.0)
  XLA will disable parallel compilation, causing 2-5x slower JIT.
  FIX: pip install -r cluster/requirements-gpu.txt
WARNING: CUDA compatibility issue detected (non-fatal, continuing)

============================================================
Phase 31 Grid Sweep — Cell 31
============================================================
Job ID:    55529662_31
Node:      m3t100
GPU(s):    0
JAX cache: /scratch/fc37/aman0087/.jax_cache_gpu/shared
Conda env: ds_env_v10
Start:     Wed May 20 06:07:14 PM AEST 2026
============================================================

Running benchmark cell 31...

============================================================
Phase 31 Grid Sweep — Cell 0031
============================================================
  Model:       hgf_3level
  n_per_group: 10
  P_total:     60
  Mitigation:  M1+Laplace+fp64
  Job ID:      55529662_31
============================================================

Loaded FitConfig: configs/fit/m1_laplace_fp64_3level.yaml
  n_draws=2000, mass=dense, laplace=True, fp64=True

Wrote started marker: models/power/bench_mode_a_results/cell_0031_started.json

Simulating cohort (n_per_group=10)...
Collecting participant-session parameters and trial sequences…
Collection done in 0.2s. Running JAX vmap…
JAX vmap completed in 1.7s.
  Simulation done in 7.8s (25200 trial rows)

Fitting (cell 0031)...
[fit_batch_hierarchical] entered: model=hgf_3level sampler=blackjax n_chains=4 n_tune=1000 n_draws=2000 target_accept=0.95 warmup_skipped=False sim_df_rows=25200
[fit_batch_hierarchical t=1.3s] cohort assembled: P=60 n_trials=420 (BlackJAX path, Mode A)
[fit_batch_hierarchical t=1.3s] building closure-based logdensity (warmup-only, no JIT yet)
[fit_batch_hierarchical t=1.3s] logdensity built in 0.0s
[fit_batch_hierarchical t=1.3s] dispatching to _run_blackjax_nuts
[hierarchical] _run_blackjax_nuts entered: model=hgf_3level P=60 n_chains=4 n_tune=1000 n_draws=2000 warmup_skipped=False
[hierarchical t=0.0s] computing Laplace warmup_params (multi-start, n_starts=4)...
[laplace_warmup] running multi-start LBFGS (n_starts=4, n_flat=240, max_iter=200, tol=1e-05)...
[laplace_warmup] start 1/4: neg_logp=25468.81 (55.6s)
[laplace_warmup] start 2/4: neg_logp=24727.96 (396.1s)
[laplace_warmup] start 3/4: neg_logp=24599.20 (336.8s)
[laplace_warmup] start 4/4: neg_logp=22629.75 (398.3s)
[laplace_warmup] best MAP: start index=3, neg_logp=22629.75 (4/4 starts converged)
[laplace_warmup] computing Hessian diagonal (n=240 jvps)...
[laplace_warmup] Hessian diag done in 13.2s, min=-5.945e+10 max=8.336e+03 non-positive=30 non-finite=0
[laplace_warmup] MULTIMODAL WARNING: endpoints disagree by 268.6 SE on parameter dim 73 — falling back to standard window_adaptation. This posterior may be multimodal; Laplace warmup would lock onto one mode.
[laplace_warmup] basin diagnostic: 4/4 starts converged, best_neg_logp=22629.75, max_deviation=268.59 (threshold=2.0, status=DISAGREE)
[hierarchical t=1203.1s] Laplace warmup failed; falling back to standard window_adaptation
[hierarchical t=1203.1s] starting window_adaptation (num_steps=1000, target_accept=0.95)
