============================================================
Commit: 4a3b541 [226 dirty] — chore(workflow): switch to Mutagen-based code sync, retire inline git push
Run job:    55495458 array task 3 on m3g118
============================================================
Added ptxas to PATH: /scratch/fc37/aman0087/conda/envs/ds_env_v10/lib/python3.11/site-packages/nvidia/cu13/bin

=== CUDA Environment Check ===
Driver CUDA version: 13.0
ptxas CUDA version:  13.2

ERROR: ptxas CUDA version (13.2) > driver CUDA version (13.0)
  XLA will disable parallel compilation, causing 2-5x slower JIT.
  FIX: pip install -r cluster/requirements-gpu.txt
WARNING: CUDA compatibility issue detected (non-fatal, continuing)

============================================================
Phase 31 Grid Sweep — Cell 3
============================================================
Job ID:    55495458_3
Node:      m3g118
GPU(s):    0
JAX cache: /scratch/fc37/aman0087/.jax_cache_gpu/shared
Conda env: ds_env_v10
Start:     Tue May 19 04:08:53 AM AEST 2026
============================================================

Running benchmark cell 3...

============================================================
Phase 31 Grid Sweep — Cell 0003
============================================================
  Model:       hgf_2level
  n_per_group: 5
  P_total:     30
  Mitigation:  M1+Laplace+fp64
  Job ID:      55495458_3
============================================================


============================================================
CELL 3 FAILED (exit code: 1)

End: Tue May 19 04:08:57 AM AEST 2026
============================================================
