E0506 01:06:48.484368   89156 numa_hwloc.cc:121] Call to hwloc_set_cpubind() failed: Invalid argument [22]
E0506 01:06:48.484475   89157 numa_hwloc.cc:121] Call to hwloc_set_cpubind() failed: Invalid argument [22]
E0506 01:06:48.484797   89158 numa_hwloc.cc:121] Call to hwloc_set_cpubind() failed: Invalid argument [22]
E0506 01:07:02.636780   89208 numa_hwloc.cc:121] Call to hwloc_set_cpubind() failed: Invalid argument [22]
E0506 01:07:02.636880   89209 numa_hwloc.cc:121] Call to hwloc_set_cpubind() failed: Invalid argument [22]
E0506 01:07:02.636924   89210 numa_hwloc.cc:121] Call to hwloc_set_cpubind() failed: Invalid argument [22]
Traceback (most recent call last):
  File "/fs04/fc37/adam/projects/hgf-analysis/scripts/ci/validate_deps05_lowrank.py", line 501, in <module>
    main()
  File "/fs04/fc37/adam/projects/hgf-analysis/scripts/ci/validate_deps05_lowrank.py", line 483, in main
    evidence = _run_validation(
               ^^^^^^^^^^^^^^^^
  File "/fs04/fc37/adam/projects/hgf-analysis/scripts/ci/validate_deps05_lowrank.py", line 271, in _run_validation
    ) = _build_cohort_data(_N_PER_GROUP)
        ^^^^^^^^^^^^^^^^^^^^^^^^^^^^^^^^
  File "/fs04/fc37/adam/projects/hgf-analysis/scripts/ci/validate_deps05_lowrank.py", line 174, in _build_cohort_data
    from prl_hgf.power.config import make_power_config
  File "/fs04/fc37/adam/projects/hgf-analysis/src/prl_hgf/power/__init__.py", line 16, in <module>
    from prl_hgf.power.config import PowerConfig, load_power_config, make_power_config
  File "/fs04/fc37/adam/projects/hgf-analysis/src/prl_hgf/power/config.py", line 26, in <module>
    import config as _cfg
ModuleNotFoundError: No module named 'config'
