============================================================
Commit: 4a3b541 [372 dirty] — chore(workflow): switch to Mutagen-based code sync, retire inline git push
Run job:    55496149 on m3g109
============================================================
Added ptxas to PATH: /scratch/fc37/aman0087/conda/envs/ds_env_v10/lib/python3.11/site-packages/nvidia/cu13/bin

=== CUDA Environment Check ===
Driver CUDA version: 13.0
ptxas CUDA version:  13.2

ERROR: ptxas CUDA version (13.2) > driver CUDA version (13.0)
  XLA will disable parallel compilation, causing 2-5x slower JIT.
  FIX: pip install -r cluster/requirements-gpu.txt
WARNING: CUDA compatibility issue detected (non-fatal, continuing)

============================================================
Phase 33-05 Sigma Identifiability Experiment
============================================================
Job ID:    55496149
Node:      m3g109
GPU(s):    0
JAX cache: /scratch/fc37/aman0087/.jax_cache_gpu/shared
Conda env: ds_env_v10
Start:     Tue May 19 06:55:52 AM AEST 2026
============================================================

Running sigma identifiability experiment (both scenarios)...


============================================================
Scenario A: seed=42, P=66
============================================================

Simulation complete in 22.1s
sim_df shape: (27720, 13)
Unique participants: 66
[fit_batch_hierarchical] entered: model=hgf_2level sampler=blackjax n_chains=4 n_tune=1000 n_draws=2000 target_accept=0.95 warmup_skipped=False sim_df_rows=27720
[fit_batch_hierarchical t=0.6s] cohort assembled: P=66 n_trials=420 (BlackJAX path, Mode B)
[fit_batch_hierarchical t=0.6s] building closure-based logdensity (warmup-only, no JIT yet)
[fit_batch_hierarchical t=0.6s] logdensity built in 0.0s
[fit_batch_hierarchical t=0.7s] dispatching to _run_blackjax_nuts
[hierarchical] _run_blackjax_nuts entered: model=hgf_2level P=66 n_chains=4 n_tune=1000 n_draws=2000 warmup_skipped=False
[hierarchical t=0.0s] starting window_adaptation (num_steps=1000, target_accept=0.95)
[hierarchical t=3257.8s] window_adaptation complete in 3257.8s
[diag warmup] n_steps=1000 n_chains=4 P=66 elapsed=3257.8s
[diag warmup] tree_depth: mean=5.62 median=5 p95=8 max=10 saturated_frac=0.007
[diag warmup] leapfrog_per_step: mean=71.2 median=31 p95=255 max=1023 total=71222
[diag warmup] derived: 45.74ms per leapfrog (across all chains)
[diag warmup] accept_rate: mean=0.940 final50=0.932
[diag warmup] divergent: count=7 rate=0.0070
[diag warmup] energy: mean=27198.85 std=138.72 |dE|_mean=13.753 |dE|_max=1031.09
[diag warmup] adapted step_size: 0.0912
[diag warmup] inverse_mass_matrix: size=207 min=0.005174 max=1.097 cond=2.1e+02
[hierarchical t=3257.9s] chain strategy: use_shard_map=False (automatic, n_devices=1, n_chains=4)

============================================================
IDENTIFIABILITY EXPERIMENT FAILED (exit code: 1)

End: Tue May 19 09:22:27 AM AEST 2026
============================================================
