============================================================
Commit: 4a3b541 [409 dirty] — chore(workflow): switch to Mutagen-based code sync, retire inline git push
Run job:    55512114 on m3g109
============================================================
Added ptxas to PATH: /scratch/fc37/aman0087/conda/envs/ds_env_v10/lib/python3.11/site-packages/nvidia/cu13/bin

=== CUDA Environment Check ===
Driver CUDA version: 13.0
ptxas CUDA version:  13.2

ERROR: ptxas CUDA version (13.2) > driver CUDA version (13.0)
  XLA will disable parallel compilation, causing 2-5x slower JIT.
  FIX: pip install -r cluster/requirements-gpu.txt
WARNING: CUDA compatibility issue detected (non-fatal, continuing)

============================================================
Phase 33-05 Sigma Identifiability Experiment
============================================================
Job ID:    55512114
Node:      m3g109
GPU(s):    0
JAX cache: /scratch/fc37/aman0087/.jax_cache_gpu/shared
Conda env: ds_env_v10
Start:     Wed May 20 08:13:17 PM AEST 2026
============================================================

Running sigma identifiability experiment (both scenarios)...


============================================================
Scenario A: seed=42, P=66
============================================================

Simulation complete in 18.4s
sim_df shape: (27720, 13)
Unique participants: 66
[fit_batch_hierarchical] entered: model=hgf_2level sampler=blackjax n_chains=4 n_tune=1000 n_draws=2000 target_accept=0.95 warmup_skipped=False sim_df_rows=27720
[fit_batch_hierarchical t=0.3s] cohort assembled: P=66 n_trials=420 (BlackJAX path, Mode B)
[fit_batch_hierarchical t=0.3s] building closure-based logdensity (warmup-only, no JIT yet)
[fit_batch_hierarchical t=0.3s] logdensity built in 0.0s
[fit_batch_hierarchical t=0.3s] dispatching to _run_blackjax_nuts
[hierarchical] _run_blackjax_nuts entered: model=hgf_2level P=66 n_chains=4 n_tune=1000 n_draws=2000 warmup_skipped=False
[hierarchical t=0.0s] starting window_adaptation (num_steps=1000, target_accept=0.95)
[hierarchical t=3376.6s] window_adaptation complete in 3376.6s
[diag warmup] n_steps=1000 n_chains=4 P=66 elapsed=3376.6s
[diag warmup] tree_depth: mean=5.63 median=5 p95=8 max=10 saturated_frac=0.007
[diag warmup] leapfrog_per_step: mean=72.0 median=31 p95=255 max=1023 total=72024
[diag warmup] derived: 46.88ms per leapfrog (across all chains)
[diag warmup] accept_rate: mean=0.940 final50=0.933
[diag warmup] divergent: count=7 rate=0.0070
[diag warmup] energy: mean=27198.14 std=138.71 |dE|_mean=13.481 |dE|_max=1031.09
[diag warmup] adapted step_size: 0.1024
[diag warmup] inverse_mass_matrix: size=207 min=0.005221 max=1.081 cond=2.1e+02
[hierarchical t=3376.7s] chain strategy: use_shard_map=False (automatic, n_devices=1, n_chains=4)

============================================================
IDENTIFIABILITY EXPERIMENT FAILED (exit code: 1)

End: Wed May 20 10:03:09 PM AEST 2026
============================================================
