E0520 20:13:40.665039 1843827 numa_hwloc.cc:121] Call to hwloc_set_cpubind() failed: Invalid argument [22]
E0520 20:13:40.665127 1843826 numa_hwloc.cc:121] Call to hwloc_set_cpubind() failed: Invalid argument [22]
E0520 20:13:40.665157 1843825 numa_hwloc.cc:121] Call to hwloc_set_cpubind() failed: Invalid argument [22]
E0520 20:13:54.932942 1843854 numa_hwloc.cc:121] Call to hwloc_set_cpubind() failed: Invalid argument [22]
E0520 20:13:54.933119 1843853 numa_hwloc.cc:121] Call to hwloc_set_cpubind() failed: Invalid argument [22]
E0520 20:13:54.933147 1843852 numa_hwloc.cc:121] Call to hwloc_set_cpubind() failed: Invalid argument [22]
W0520 20:13:55.134279 1843829 pjrt_executable.cc:642] Assume version compatibility. PjRt-IFRT does not track XLA executable versions.
W0520 20:13:55.203750 1843829 pjrt_executable.cc:642] Assume version compatibility. PjRt-IFRT does not track XLA executable versions.
W0520 20:13:55.748636 1843829 pjrt_executable.cc:642] Assume version compatibility. PjRt-IFRT does not track XLA executable versions.
W0520 20:13:55.850941 1843829 pjrt_executable.cc:642] Assume version compatibility. PjRt-IFRT does not track XLA executable versions.
W0520 20:13:55.857831 1843829 pjrt_executable.cc:642] Assume version compatibility. PjRt-IFRT does not track XLA executable versions.
W0520 20:13:55.869846 1843829 pjrt_executable.cc:642] Assume version compatibility. PjRt-IFRT does not track XLA executable versions.
W0520 20:13:55.876003 1843829 pjrt_executable.cc:642] Assume version compatibility. PjRt-IFRT does not track XLA executable versions.
W0520 20:13:55.881336 1843829 pjrt_executable.cc:642] Assume version compatibility. PjRt-IFRT does not track XLA executable versions.
W0520 20:13:55.886763 1843829 pjrt_executable.cc:642] Assume version compatibility. PjRt-IFRT does not track XLA executable versions.
W0520 20:13:55.898651 1843829 pjrt_executable.cc:642] Assume version compatibility. PjRt-IFRT does not track XLA executable versions.
W0520 20:13:55.905502 1843829 pjrt_executable.cc:642] Assume version compatibility. PjRt-IFRT does not track XLA executable versions.
W0520 20:13:55.911159 1843829 pjrt_executable.cc:642] Assume version compatibility. PjRt-IFRT does not track XLA executable versions.
W0520 20:13:55.916800 1843829 pjrt_executable.cc:642] Assume version compatibility. PjRt-IFRT does not track XLA executable versions.
W0520 20:13:55.924144 1843829 pjrt_executable.cc:642] Assume version compatibility. PjRt-IFRT does not track XLA executable versions.
W0520 20:13:55.930545 1843829 pjrt_executable.cc:642] Assume version compatibility. PjRt-IFRT does not track XLA executable versions.
W0520 20:13:56.022078 1843829 pjrt_executable.cc:642] Assume version compatibility. PjRt-IFRT does not track XLA executable versions.
W0520 20:13:56.153395 1843829 pjrt_executable.cc:642] Assume version compatibility. PjRt-IFRT does not track XLA executable versions.
W0520 20:13:56.183360 1843829 pjrt_executable.cc:642] Assume version compatibility. PjRt-IFRT does not track XLA executable versions.
W0520 20:13:56.188923 1843829 pjrt_executable.cc:642] Assume version compatibility. PjRt-IFRT does not track XLA executable versions.
W0520 20:13:56.195673 1843829 pjrt_executable.cc:642] Assume version compatibility. PjRt-IFRT does not track XLA executable versions.
W0520 20:13:56.437091 1843829 pjrt_executable.cc:642] Assume version compatibility. PjRt-IFRT does not track XLA executable versions.
W0520 20:13:56.442774 1843829 pjrt_executable.cc:642] Assume version compatibility. PjRt-IFRT does not track XLA executable versions.
W0520 20:13:57.071221 1843829 pjrt_executable.cc:642] Assume version compatibility. PjRt-IFRT does not track XLA executable versions.
W0520 20:13:57.078660 1843829 pjrt_executable.cc:642] Assume version compatibility. PjRt-IFRT does not track XLA executable versions.
W0520 20:13:57.083841 1843829 pjrt_executable.cc:642] Assume version compatibility. PjRt-IFRT does not track XLA executable versions.
W0520 20:13:57.089171 1843829 pjrt_executable.cc:642] Assume version compatibility. PjRt-IFRT does not track XLA executable versions.
W0520 20:13:57.107731 1843829 pjrt_executable.cc:642] Assume version compatibility. PjRt-IFRT does not track XLA executable versions.
W0520 20:13:57.113245 1843829 pjrt_executable.cc:642] Assume version compatibility. PjRt-IFRT does not track XLA executable versions.
W0520 20:13:57.307224 1843829 pjrt_executable.cc:642] Assume version compatibility. PjRt-IFRT does not track XLA executable versions.
W0520 20:13:57.379372 1843829 pjrt_executable.cc:642] Assume version compatibility. PjRt-IFRT does not track XLA executable versions.
W0520 20:13:57.385658 1843829 pjrt_executable.cc:642] Assume version compatibility. PjRt-IFRT does not track XLA executable versions.
W0520 20:13:57.749770 1843829 pjrt_executable.cc:642] Assume version compatibility. PjRt-IFRT does not track XLA executable versions.
W0520 20:13:57.755032 1843829 pjrt_executable.cc:642] Assume version compatibility. PjRt-IFRT does not track XLA executable versions.
W0520 20:13:57.759994 1843829 pjrt_executable.cc:642] Assume version compatibility. PjRt-IFRT does not track XLA executable versions.
W0520 20:13:57.769947 1843829 pjrt_executable.cc:642] Assume version compatibility. PjRt-IFRT does not track XLA executable versions.
W0520 20:13:57.794297 1843829 pjrt_executable.cc:642] Assume version compatibility. PjRt-IFRT does not track XLA executable versions.
W0520 20:13:57.808992 1843829 pjrt_executable.cc:642] Assume version compatibility. PjRt-IFRT does not track XLA executable versions.
W0520 20:13:57.855821 1843829 pjrt_executable.cc:642] Assume version compatibility. PjRt-IFRT does not track XLA executable versions.
W0520 20:13:57.861841 1843829 pjrt_executable.cc:642] Assume version compatibility. PjRt-IFRT does not track XLA executable versions.
W0520 20:13:57.867109 1843829 pjrt_executable.cc:642] Assume version compatibility. PjRt-IFRT does not track XLA executable versions.
W0520 20:13:57.871842 1843829 pjrt_executable.cc:642] Assume version compatibility. PjRt-IFRT does not track XLA executable versions.
W0520 20:13:57.877292 1843829 pjrt_executable.cc:642] Assume version compatibility. PjRt-IFRT does not track XLA executable versions.
W0520 20:13:57.884390 1843829 pjrt_executable.cc:642] Assume version compatibility. PjRt-IFRT does not track XLA executable versions.
W0520 20:13:57.930021 1843829 pjrt_executable.cc:642] Assume version compatibility. PjRt-IFRT does not track XLA executable versions.
W0520 20:13:57.935513 1843829 pjrt_executable.cc:642] Assume version compatibility. PjRt-IFRT does not track XLA executable versions.
W0520 20:14:14.278927 1843829 pjrt_executable.cc:642] Assume version compatibility. PjRt-IFRT does not track XLA executable versions.
W0520 20:14:14.384817 1843829 pjrt_executable.cc:642] Assume version compatibility. PjRt-IFRT does not track XLA executable versions.
W0520 20:14:14.389386 1843829 pjrt_executable.cc:642] Assume version compatibility. PjRt-IFRT does not track XLA executable versions.
W0520 20:14:14.393806 1843829 pjrt_executable.cc:642] Assume version compatibility. PjRt-IFRT does not track XLA executable versions.
W0520 20:14:14.398662 1843829 pjrt_executable.cc:642] Assume version compatibility. PjRt-IFRT does not track XLA executable versions.
W0520 20:14:14.403409 1843829 pjrt_executable.cc:642] Assume version compatibility. PjRt-IFRT does not track XLA executable versions.
W0520 20:14:14.407338 1843829 pjrt_executable.cc:642] Assume version compatibility. PjRt-IFRT does not track XLA executable versions.
W0520 20:14:14.412445 1843829 pjrt_executable.cc:642] Assume version compatibility. PjRt-IFRT does not track XLA executable versions.
W0520 20:14:14.416971 1843829 pjrt_executable.cc:642] Assume version compatibility. PjRt-IFRT does not track XLA executable versions.
W0520 20:14:14.421011 1843829 pjrt_executable.cc:642] Assume version compatibility. PjRt-IFRT does not track XLA executable versions.
W0520 20:14:14.766800 1843829 pjrt_executable.cc:642] Assume version compatibility. PjRt-IFRT does not track XLA executable versions.
W0520 20:14:14.832204 1843829 pjrt_executable.cc:642] Assume version compatibility. PjRt-IFRT does not track XLA executable versions.
W0520 20:14:14.839875 1843829 pjrt_executable.cc:642] Assume version compatibility. PjRt-IFRT does not track XLA executable versions.
W0520 20:14:14.847058 1843829 pjrt_executable.cc:642] Assume version compatibility. PjRt-IFRT does not track XLA executable versions.
W0520 20:14:14.852460 1843829 pjrt_executable.cc:642] Assume version compatibility. PjRt-IFRT does not track XLA executable versions.
W0520 20:14:14.857868 1843829 pjrt_executable.cc:642] Assume version compatibility. PjRt-IFRT does not track XLA executable versions.
W0520 20:14:14.864224 1843829 pjrt_executable.cc:642] Assume version compatibility. PjRt-IFRT does not track XLA executable versions.
W0520 20:14:14.870461 1843829 pjrt_executable.cc:642] Assume version compatibility. PjRt-IFRT does not track XLA executable versions.
W0520 20:14:14.876002 1843829 pjrt_executable.cc:642] Assume version compatibility. PjRt-IFRT does not track XLA executable versions.
W0520 20:14:14.881657 1843829 pjrt_executable.cc:642] Assume version compatibility. PjRt-IFRT does not track XLA executable versions.
W0520 20:14:14.886818 1843829 pjrt_executable.cc:642] Assume version compatibility. PjRt-IFRT does not track XLA executable versions.
W0520 20:14:14.892267 1843829 pjrt_executable.cc:642] Assume version compatibility. PjRt-IFRT does not track XLA executable versions.
W0520 20:14:14.899499 1843829 pjrt_executable.cc:642] Assume version compatibility. PjRt-IFRT does not track XLA executable versions.
W0520 20:14:14.906552 1843829 pjrt_executable.cc:642] Assume version compatibility. PjRt-IFRT does not track XLA executable versions.
W0520 20:14:14.921602 1843829 pjrt_executable.cc:642] Assume version compatibility. PjRt-IFRT does not track XLA executable versions.
W0520 20:14:14.928340 1843829 pjrt_executable.cc:642] Assume version compatibility. PjRt-IFRT does not track XLA executable versions.
W0520 20:14:14.934466 1843829 pjrt_executable.cc:642] Assume version compatibility. PjRt-IFRT does not track XLA executable versions.
W0520 20:14:14.940981 1843829 pjrt_executable.cc:642] Assume version compatibility. PjRt-IFRT does not track XLA executable versions.
W0520 20:14:14.946101 1843829 pjrt_executable.cc:642] Assume version compatibility. PjRt-IFRT does not track XLA executable versions.
W0520 20:14:14.951425 1843829 pjrt_executable.cc:642] Assume version compatibility. PjRt-IFRT does not track XLA executable versions.
W0520 20:14:14.957602 1843829 pjrt_executable.cc:642] Assume version compatibility. PjRt-IFRT does not track XLA executable versions.
W0520 20:14:14.963652 1843829 pjrt_executable.cc:642] Assume version compatibility. PjRt-IFRT does not track XLA executable versions.
W0520 20:14:14.969592 1843829 pjrt_executable.cc:642] Assume version compatibility. PjRt-IFRT does not track XLA executable versions.
W0520 20:14:14.976168 1843829 pjrt_executable.cc:642] Assume version compatibility. PjRt-IFRT does not track XLA executable versions.
W0520 20:14:14.980666 1843829 pjrt_executable.cc:642] Assume version compatibility. PjRt-IFRT does not track XLA executable versions.
W0520 20:14:14.986514 1843829 pjrt_executable.cc:642] Assume version compatibility. PjRt-IFRT does not track XLA executable versions.
W0520 20:14:14.992500 1843829 pjrt_executable.cc:642] Assume version compatibility. PjRt-IFRT does not track XLA executable versions.
W0520 20:14:14.998106 1843829 pjrt_executable.cc:642] Assume version compatibility. PjRt-IFRT does not track XLA executable versions.
W0520 20:14:15.005635 1843829 pjrt_executable.cc:642] Assume version compatibility. PjRt-IFRT does not track XLA executable versions.
W0520 20:14:15.010610 1843829 pjrt_executable.cc:642] Assume version compatibility. PjRt-IFRT does not track XLA executable versions.
W0520 20:14:15.015978 1843829 pjrt_executable.cc:642] Assume version compatibility. PjRt-IFRT does not track XLA executable versions.
W0520 20:14:15.021791 1843829 pjrt_executable.cc:642] Assume version compatibility. PjRt-IFRT does not track XLA executable versions.
W0520 20:14:15.027603 1843829 pjrt_executable.cc:642] Assume version compatibility. PjRt-IFRT does not track XLA executable versions.
W0520 20:14:15.032622 1843829 pjrt_executable.cc:642] Assume version compatibility. PjRt-IFRT does not track XLA executable versions.
W0520 20:14:15.039434 1843829 pjrt_executable.cc:642] Assume version compatibility. PjRt-IFRT does not track XLA executable versions.
W0520 20:14:15.043976 1843829 pjrt_executable.cc:642] Assume version compatibility. PjRt-IFRT does not track XLA executable versions.
W0520 20:14:15.048552 1843829 pjrt_executable.cc:642] Assume version compatibility. PjRt-IFRT does not track XLA executable versions.
W0520 20:14:15.053942 1843829 pjrt_executable.cc:642] Assume version compatibility. PjRt-IFRT does not track XLA executable versions.
W0520 20:14:15.059765 1843829 pjrt_executable.cc:642] Assume version compatibility. PjRt-IFRT does not track XLA executable versions.
W0520 20:14:15.065358 1843829 pjrt_executable.cc:642] Assume version compatibility. PjRt-IFRT does not track XLA executable versions.
W0520 20:14:15.071180 1843829 pjrt_executable.cc:642] Assume version compatibility. PjRt-IFRT does not track XLA executable versions.
W0520 20:14:15.077232 1843829 pjrt_executable.cc:642] Assume version compatibility. PjRt-IFRT does not track XLA executable versions.
W0520 20:14:15.084267 1843829 pjrt_executable.cc:642] Assume version compatibility. PjRt-IFRT does not track XLA executable versions.
W0520 20:14:15.096606 1843829 pjrt_executable.cc:642] Assume version compatibility. PjRt-IFRT does not track XLA executable versions.
W0520 20:14:15.103310 1843829 pjrt_executable.cc:642] Assume version compatibility. PjRt-IFRT does not track XLA executable versions.
W0520 20:14:15.140383 1843829 pjrt_executable.cc:642] Assume version compatibility. PjRt-IFRT does not track XLA executable versions.
W0520 20:14:15.147194 1843829 pjrt_executable.cc:642] Assume version compatibility. PjRt-IFRT does not track XLA executable versions.
W0520 20:14:15.154880 1843829 pjrt_executable.cc:642] Assume version compatibility. PjRt-IFRT does not track XLA executable versions.
W0520 20:14:15.161206 1843829 pjrt_executable.cc:642] Assume version compatibility. PjRt-IFRT does not track XLA executable versions.
W0520 20:14:15.168652 1843829 pjrt_executable.cc:642] Assume version compatibility. PjRt-IFRT does not track XLA executable versions.
W0520 20:14:15.719481 1843829 pjrt_executable.cc:642] Assume version compatibility. PjRt-IFRT does not track XLA executable versions.
W0520 20:14:15.725822 1843829 pjrt_executable.cc:642] Assume version compatibility. PjRt-IFRT does not track XLA executable versions.
W0520 20:14:16.311837 1843829 pjrt_executable.cc:642] Assume version compatibility. PjRt-IFRT does not track XLA executable versions.
W0520 20:14:16.319653 1843829 pjrt_executable.cc:642] Assume version compatibility. PjRt-IFRT does not track XLA executable versions.
W0520 20:14:16.332038 1843829 pjrt_executable.cc:642] Assume version compatibility. PjRt-IFRT does not track XLA executable versions.
W0520 20:14:16.339753 1843829 pjrt_executable.cc:642] Assume version compatibility. PjRt-IFRT does not track XLA executable versions.
W0520 20:14:16.347112 1843829 pjrt_executable.cc:642] Assume version compatibility. PjRt-IFRT does not track XLA executable versions.
W0520 20:14:16.351570 1843829 pjrt_executable.cc:642] Assume version compatibility. PjRt-IFRT does not track XLA executable versions.
W0520 20:14:16.355873 1843829 pjrt_executable.cc:642] Assume version compatibility. PjRt-IFRT does not track XLA executable versions.
W0520 20:14:16.360028 1843829 pjrt_executable.cc:642] Assume version compatibility. PjRt-IFRT does not track XLA executable versions.
W0520 20:14:16.364756 1843829 pjrt_executable.cc:642] Assume version compatibility. PjRt-IFRT does not track XLA executable versions.
W0520 20:14:16.368818 1843829 pjrt_executable.cc:642] Assume version compatibility. PjRt-IFRT does not track XLA executable versions.
W0520 20:14:16.373621 1843829 pjrt_executable.cc:642] Assume version compatibility. PjRt-IFRT does not track XLA executable versions.
W0520 20:14:16.377992 1843829 pjrt_executable.cc:642] Assume version compatibility. PjRt-IFRT does not track XLA executable versions.
W0520 20:14:16.382944 1843829 pjrt_executable.cc:642] Assume version compatibility. PjRt-IFRT does not track XLA executable versions.
W0520 20:14:16.503273 1843829 pjrt_executable.cc:642] Assume version compatibility. PjRt-IFRT does not track XLA executable versions.
W0520 20:14:16.679082 1843829 pjrt_executable.cc:642] Assume version compatibility. PjRt-IFRT does not track XLA executable versions.
W0520 20:14:16.707616 1843829 pjrt_executable.cc:642] Assume version compatibility. PjRt-IFRT does not track XLA executable versions.
W0520 20:14:16.716158 1843829 pjrt_executable.cc:642] Assume version compatibility. PjRt-IFRT does not track XLA executable versions.
W0520 20:14:16.721203 1843829 pjrt_executable.cc:642] Assume version compatibility. PjRt-IFRT does not track XLA executable versions.
W0520 20:14:16.726794 1843829 pjrt_executable.cc:642] Assume version compatibility. PjRt-IFRT does not track XLA executable versions.
W0520 20:14:16.732382 1843829 pjrt_executable.cc:642] Assume version compatibility. PjRt-IFRT does not track XLA executable versions.
W0520 20:14:16.737496 1843829 pjrt_executable.cc:642] Assume version compatibility. PjRt-IFRT does not track XLA executable versions.
W0520 20:14:16.743319 1843829 pjrt_executable.cc:642] Assume version compatibility. PjRt-IFRT does not track XLA executable versions.
W0520 20:14:16.748631 1843829 pjrt_executable.cc:642] Assume version compatibility. PjRt-IFRT does not track XLA executable versions.
W0520 20:14:16.753879 1843829 pjrt_executable.cc:642] Assume version compatibility. PjRt-IFRT does not track XLA executable versions.
W0520 20:14:16.759452 1843829 pjrt_executable.cc:642] Assume version compatibility. PjRt-IFRT does not track XLA executable versions.
W0520 20:14:16.765664 1843829 pjrt_executable.cc:642] Assume version compatibility. PjRt-IFRT does not track XLA executable versions.
W0520 20:14:16.771748 1843829 pjrt_executable.cc:642] Assume version compatibility. PjRt-IFRT does not track XLA executable versions.
W0520 20:14:16.779219 1843829 pjrt_executable.cc:642] Assume version compatibility. PjRt-IFRT does not track XLA executable versions.
W0520 20:14:16.786775 1843829 pjrt_executable.cc:642] Assume version compatibility. PjRt-IFRT does not track XLA executable versions.
W0520 20:14:16.793477 1843829 pjrt_executable.cc:642] Assume version compatibility. PjRt-IFRT does not track XLA executable versions.
W0520 20:14:16.809947 1843829 pjrt_executable.cc:642] Assume version compatibility. PjRt-IFRT does not track XLA executable versions.
W0520 20:14:16.879067 1843829 pjrt_executable.cc:642] Assume version compatibility. PjRt-IFRT does not track XLA executable versions.
W0520 20:14:17.092773 1843829 pjrt_executable.cc:642] Assume version compatibility. PjRt-IFRT does not track XLA executable versions.
W0520 20:14:17.099457 1843829 pjrt_executable.cc:642] Assume version compatibility. PjRt-IFRT does not track XLA executable versions.
W0520 20:14:17.105779 1843829 pjrt_executable.cc:642] Assume version compatibility. PjRt-IFRT does not track XLA executable versions.
W0520 20:14:17.112546 1843829 pjrt_executable.cc:642] Assume version compatibility. PjRt-IFRT does not track XLA executable versions.
W0520 20:14:17.118175 1843829 pjrt_executable.cc:642] Assume version compatibility. PjRt-IFRT does not track XLA executable versions.
W0520 20:14:17.124162 1843829 pjrt_executable.cc:642] Assume version compatibility. PjRt-IFRT does not track XLA executable versions.
W0520 20:14:17.129767 1843829 pjrt_executable.cc:642] Assume version compatibility. PjRt-IFRT does not track XLA executable versions.
W0520 20:14:17.135348 1843829 pjrt_executable.cc:642] Assume version compatibility. PjRt-IFRT does not track XLA executable versions.
W0520 20:14:17.140871 1843829 pjrt_executable.cc:642] Assume version compatibility. PjRt-IFRT does not track XLA executable versions.
W0520 20:14:17.146347 1843829 pjrt_executable.cc:642] Assume version compatibility. PjRt-IFRT does not track XLA executable versions.
W0520 20:14:17.151752 1843829 pjrt_executable.cc:642] Assume version compatibility. PjRt-IFRT does not track XLA executable versions.
W0520 20:14:17.157510 1843829 pjrt_executable.cc:642] Assume version compatibility. PjRt-IFRT does not track XLA executable versions.
W0520 20:14:17.164038 1843829 pjrt_executable.cc:642] Assume version compatibility. PjRt-IFRT does not track XLA executable versions.
W0520 20:14:17.170379 1843829 pjrt_executable.cc:642] Assume version compatibility. PjRt-IFRT does not track XLA executable versions.
W0520 20:14:17.176434 1843829 pjrt_executable.cc:642] Assume version compatibility. PjRt-IFRT does not track XLA executable versions.
W0520 20:14:17.183437 1843829 pjrt_executable.cc:642] Assume version compatibility. PjRt-IFRT does not track XLA executable versions.
W0520 20:14:17.207529 1843829 pjrt_executable.cc:642] Assume version compatibility. PjRt-IFRT does not track XLA executable versions.
W0520 20:14:17.213224 1843829 pjrt_executable.cc:642] Assume version compatibility. PjRt-IFRT does not track XLA executable versions.
W0520 20:14:17.219916 1843829 pjrt_executable.cc:642] Assume version compatibility. PjRt-IFRT does not track XLA executable versions.
W0520 20:14:17.240323 1843829 pjrt_executable.cc:642] Assume version compatibility. PjRt-IFRT does not track XLA executable versions.
W0520 20:14:17.247740 1843829 pjrt_executable.cc:642] Assume version compatibility. PjRt-IFRT does not track XLA executable versions.
W0520 20:14:17.261999 1843829 pjrt_executable.cc:642] Assume version compatibility. PjRt-IFRT does not track XLA executable versions.
W0520 20:14:17.268106 1843829 pjrt_executable.cc:642] Assume version compatibility. PjRt-IFRT does not track XLA executable versions.
W0520 20:14:17.274829 1843829 pjrt_executable.cc:642] Assume version compatibility. PjRt-IFRT does not track XLA executable versions.
W0520 20:14:17.280261 1843829 pjrt_executable.cc:642] Assume version compatibility. PjRt-IFRT does not track XLA executable versions.
W0520 20:14:17.284808 1843829 pjrt_executable.cc:642] Assume version compatibility. PjRt-IFRT does not track XLA executable versions.
W0520 20:14:17.290170 1843829 pjrt_executable.cc:642] Assume version compatibility. PjRt-IFRT does not track XLA executable versions.
W0520 20:14:17.296806 1843829 pjrt_executable.cc:642] Assume version compatibility. PjRt-IFRT does not track XLA executable versions.
W0520 20:14:17.304353 1843829 pjrt_executable.cc:642] Assume version compatibility. PjRt-IFRT does not track XLA executable versions.
W0520 20:14:17.310048 1843829 pjrt_executable.cc:642] Assume version compatibility. PjRt-IFRT does not track XLA executable versions.
W0520 20:14:17.316162 1843829 pjrt_executable.cc:642] Assume version compatibility. PjRt-IFRT does not track XLA executable versions.
W0520 20:14:17.321778 1843829 pjrt_executable.cc:642] Assume version compatibility. PjRt-IFRT does not track XLA executable versions.
W0520 20:14:17.326954 1843829 pjrt_executable.cc:642] Assume version compatibility. PjRt-IFRT does not track XLA executable versions.
W0520 20:14:17.331131 1843829 pjrt_executable.cc:642] Assume version compatibility. PjRt-IFRT does not track XLA executable versions.
W0520 20:14:17.336680 1843829 pjrt_executable.cc:642] Assume version compatibility. PjRt-IFRT does not track XLA executable versions.
W0520 20:14:17.343195 1843829 pjrt_executable.cc:642] Assume version compatibility. PjRt-IFRT does not track XLA executable versions.
W0520 20:14:17.348952 1843829 pjrt_executable.cc:642] Assume version compatibility. PjRt-IFRT does not track XLA executable versions.
W0520 20:14:17.353116 1843829 pjrt_executable.cc:642] Assume version compatibility. PjRt-IFRT does not track XLA executable versions.
W0520 20:14:17.360811 1843829 pjrt_executable.cc:642] Assume version compatibility. PjRt-IFRT does not track XLA executable versions.
W0520 20:14:17.477155 1843829 pjrt_executable.cc:642] Assume version compatibility. PjRt-IFRT does not track XLA executable versions.
W0520 20:14:17.512549 1843829 pjrt_executable.cc:642] Assume version compatibility. PjRt-IFRT does not track XLA executable versions.
W0520 20:14:17.517647 1843829 pjrt_executable.cc:642] Assume version compatibility. PjRt-IFRT does not track XLA executable versions.
W0520 20:14:17.522746 1843829 pjrt_executable.cc:642] Assume version compatibility. PjRt-IFRT does not track XLA executable versions.
W0520 20:14:17.526873 1843829 pjrt_executable.cc:642] Assume version compatibility. PjRt-IFRT does not track XLA executable versions.
W0520 20:14:17.532071 1843829 pjrt_executable.cc:642] Assume version compatibility. PjRt-IFRT does not track XLA executable versions.
W0520 20:14:17.536785 1843829 pjrt_executable.cc:642] Assume version compatibility. PjRt-IFRT does not track XLA executable versions.
W0520 20:14:17.541625 1843829 pjrt_executable.cc:642] Assume version compatibility. PjRt-IFRT does not track XLA executable versions.
W0520 20:14:17.547158 1843829 pjrt_executable.cc:642] Assume version compatibility. PjRt-IFRT does not track XLA executable versions.
W0520 20:14:17.553025 1843829 pjrt_executable.cc:642] Assume version compatibility. PjRt-IFRT does not track XLA executable versions.
W0520 20:14:17.558234 1843829 pjrt_executable.cc:642] Assume version compatibility. PjRt-IFRT does not track XLA executable versions.
W0520 20:14:17.564627 1843829 pjrt_executable.cc:642] Assume version compatibility. PjRt-IFRT does not track XLA executable versions.
W0520 20:14:17.570058 1843829 pjrt_executable.cc:642] Assume version compatibility. PjRt-IFRT does not track XLA executable versions.
W0520 20:14:17.575627 1843829 pjrt_executable.cc:642] Assume version compatibility. PjRt-IFRT does not track XLA executable versions.
W0520 20:14:17.579992 1843829 pjrt_executable.cc:642] Assume version compatibility. PjRt-IFRT does not track XLA executable versions.
W0520 20:14:17.585619 1843829 pjrt_executable.cc:642] Assume version compatibility. PjRt-IFRT does not track XLA executable versions.
W0520 20:14:17.591069 1843829 pjrt_executable.cc:642] Assume version compatibility. PjRt-IFRT does not track XLA executable versions.
W0520 20:14:17.596503 1843829 pjrt_executable.cc:642] Assume version compatibility. PjRt-IFRT does not track XLA executable versions.
W0520 20:14:17.612060 1843829 pjrt_executable.cc:642] Assume version compatibility. PjRt-IFRT does not track XLA executable versions.
W0520 20:14:17.630434 1843829 pjrt_executable.cc:642] Assume version compatibility. PjRt-IFRT does not track XLA executable versions.
W0520 20:14:17.641427 1843829 pjrt_executable.cc:642] Assume version compatibility. PjRt-IFRT does not track XLA executable versions.
W0520 20:14:17.646836 1843829 pjrt_executable.cc:642] Assume version compatibility. PjRt-IFRT does not track XLA executable versions.
W0520 20:14:19.039475 1843829 pjrt_executable.cc:642] Assume version compatibility. PjRt-IFRT does not track XLA executable versions.
W0520 21:10:31.214869 1843829 pjrt_executable.cc:642] Assume version compatibility. PjRt-IFRT does not track XLA executable versions.
W0520 21:10:31.508508 1843829 pjrt_executable.cc:642] Assume version compatibility. PjRt-IFRT does not track XLA executable versions.
W0520 21:10:31.520043 1843829 pjrt_executable.cc:642] Assume version compatibility. PjRt-IFRT does not track XLA executable versions.
W0520 21:10:31.556006 1843829 pjrt_executable.cc:642] Assume version compatibility. PjRt-IFRT does not track XLA executable versions.
W0520 21:10:31.575513 1843829 pjrt_executable.cc:642] Assume version compatibility. PjRt-IFRT does not track XLA executable versions.
W0520 21:10:31.580773 1843829 pjrt_executable.cc:642] Assume version compatibility. PjRt-IFRT does not track XLA executable versions.
W0520 21:10:31.586837 1843829 pjrt_executable.cc:642] Assume version compatibility. PjRt-IFRT does not track XLA executable versions.
W0520 21:10:31.591416 1843829 pjrt_executable.cc:642] Assume version compatibility. PjRt-IFRT does not track XLA executable versions.
W0520 21:10:31.595581 1843829 pjrt_executable.cc:642] Assume version compatibility. PjRt-IFRT does not track XLA executable versions.
W0520 21:10:31.603439 1843829 pjrt_executable.cc:642] Assume version compatibility. PjRt-IFRT does not track XLA executable versions.
W0520 21:10:31.676773 1843829 pjrt_executable.cc:642] Assume version compatibility. PjRt-IFRT does not track XLA executable versions.
W0520 21:10:31.696301 1843829 pjrt_executable.cc:642] Assume version compatibility. PjRt-IFRT does not track XLA executable versions.
W0520 22:03:04.150997 1843829 pjrt_executable.cc:642] Assume version compatibility. PjRt-IFRT does not track XLA executable versions.
Traceback (most recent call last):
  File "/fs04/fc37/adam/projects/hgf-analysis/scripts/03_pre_analysis/05_sigma_identifiability.py", line 386, in <module>
    main()
  File "/fs04/fc37/adam/projects/hgf-analysis/scripts/03_pre_analysis/05_sigma_identifiability.py", line 360, in main
    result = run_scenario(scenario, args.seed)
             ^^^^^^^^^^^^^^^^^^^^^^^^^^^^^^^^^
  File "/fs04/fc37/adam/projects/hgf-analysis/scripts/03_pre_analysis/05_sigma_identifiability.py", line 259, in run_scenario
    result = fit_batch_hierarchical(sim_df, fit_config)
             ^^^^^^^^^^^^^^^^^^^^^^^^^^^^^^^^^^^^^^^^^^
  File "/fs04/fc37/adam/projects/hgf-analysis/src/prl_hgf/fitting/hierarchical.py", line 3857, in fit_batch_hierarchical
    positions, sample_stats, n_chains_actual, adapted_params = _run_blackjax_nuts(
                                                               ^^^^^^^^^^^^^^^^^^^
  File "/fs04/fc37/adam/projects/hgf-analysis/src/prl_hgf/fitting/hierarchical.py", line 2043, in _run_blackjax_nuts
    positions, stats, n_actual = _run_vmap_chains(
                                 ^^^^^^^^^^^^^^^^^
  File "/fs04/fc37/adam/projects/hgf-analysis/src/prl_hgf/fitting/hierarchical.py", line 2110, in _run_vmap_chains
    positions_dict = {
                     ^
  File "/fs04/fc37/adam/projects/hgf-analysis/src/prl_hgf/fitting/hierarchical.py", line 2111, in <dictcomp>
    k: np.asarray(jnp.transpose(v, (1, 0, 2)))
                  ^^^^^^^^^^^^^^^^^^^^^^^^^^^
  File "/scratch/fc37/aman0087/conda/envs/ds_env_v10/lib/python3.11/site-packages/jax/_src/numpy/lax_numpy.py", line 1165, in transpose
    axes_ = [_canonicalize_axis(i, np.ndim(a)) for i in axes_]
            ^^^^^^^^^^^^^^^^^^^^^^^^^^^^^^^^^^^^^^^^^^^^^^^^^^
  File "/scratch/fc37/aman0087/conda/envs/ds_env_v10/lib/python3.11/site-packages/jax/_src/numpy/lax_numpy.py", line 1165, in <listcomp>
    axes_ = [_canonicalize_axis(i, np.ndim(a)) for i in axes_]
             ^^^^^^^^^^^^^^^^^^^^^^^^^^^^^^^^^
  File "/scratch/fc37/aman0087/conda/envs/ds_env_v10/lib/python3.11/site-packages/jax/_src/util.py", line 578, in canonicalize_axis
    raise ValueError(f"axis {axis} is out of bounds for array of dimension {num_dims}")
ValueError: axis 2 is out of bounds for array of dimension 2
