E0519 06:56:08.897260   43108 numa_hwloc.cc:121] Call to hwloc_set_cpubind() failed: Invalid argument [22]
E0519 06:56:08.897354   43107 numa_hwloc.cc:121] Call to hwloc_set_cpubind() failed: Invalid argument [22]
E0519 06:56:08.897385   43106 numa_hwloc.cc:121] Call to hwloc_set_cpubind() failed: Invalid argument [22]
E0519 06:56:22.092735   43141 numa_hwloc.cc:121] Call to hwloc_set_cpubind() failed: Invalid argument [22]
E0519 06:56:22.092908   43140 numa_hwloc.cc:121] Call to hwloc_set_cpubind() failed: Invalid argument [22]
E0519 06:56:22.092941   43139 numa_hwloc.cc:121] Call to hwloc_set_cpubind() failed: Invalid argument [22]
W0519 06:56:22.255199   43111 pjrt_executable.cc:642] Assume version compatibility. PjRt-IFRT does not track XLA executable versions.
W0519 06:56:22.315807   43111 pjrt_executable.cc:642] Assume version compatibility. PjRt-IFRT does not track XLA executable versions.
W0519 06:56:22.842215   43111 pjrt_executable.cc:642] Assume version compatibility. PjRt-IFRT does not track XLA executable versions.
W0519 06:56:23.404284   43111 pjrt_executable.cc:642] Assume version compatibility. PjRt-IFRT does not track XLA executable versions.
W0519 06:56:23.418417   43111 pjrt_executable.cc:642] Assume version compatibility. PjRt-IFRT does not track XLA executable versions.
W0519 06:56:23.872183   43111 pjrt_executable.cc:642] Assume version compatibility. PjRt-IFRT does not track XLA executable versions.
W0519 06:56:23.880052   43111 pjrt_executable.cc:642] Assume version compatibility. PjRt-IFRT does not track XLA executable versions.
W0519 06:56:23.894298   43111 pjrt_executable.cc:642] Assume version compatibility. PjRt-IFRT does not track XLA executable versions.
W0519 06:56:24.006297   43111 pjrt_executable.cc:642] Assume version compatibility. PjRt-IFRT does not track XLA executable versions.
W0519 06:56:24.061423   43111 pjrt_executable.cc:642] Assume version compatibility. PjRt-IFRT does not track XLA executable versions.
W0519 06:56:24.160919   43111 pjrt_executable.cc:642] Assume version compatibility. PjRt-IFRT does not track XLA executable versions.
W0519 06:56:24.878274   43111 pjrt_executable.cc:642] Assume version compatibility. PjRt-IFRT does not track XLA executable versions.
W0519 06:56:24.886633   43111 pjrt_executable.cc:642] Assume version compatibility. PjRt-IFRT does not track XLA executable versions.
W0519 06:56:24.901059   43111 pjrt_executable.cc:642] Assume version compatibility. PjRt-IFRT does not track XLA executable versions.
W0519 06:56:25.217227   43111 pjrt_executable.cc:642] Assume version compatibility. PjRt-IFRT does not track XLA executable versions.
W0519 06:56:25.224550   43111 pjrt_executable.cc:642] Assume version compatibility. PjRt-IFRT does not track XLA executable versions.
W0519 06:56:25.887275   43111 pjrt_executable.cc:642] Assume version compatibility. PjRt-IFRT does not track XLA executable versions.
W0519 06:56:25.897017   43111 pjrt_executable.cc:642] Assume version compatibility. PjRt-IFRT does not track XLA executable versions.
W0519 06:56:25.905979   43111 pjrt_executable.cc:642] Assume version compatibility. PjRt-IFRT does not track XLA executable versions.
W0519 06:56:25.915596   43111 pjrt_executable.cc:642] Assume version compatibility. PjRt-IFRT does not track XLA executable versions.
W0519 06:56:25.937772   43111 pjrt_executable.cc:642] Assume version compatibility. PjRt-IFRT does not track XLA executable versions.
W0519 06:56:28.346661   43111 pjrt_executable.cc:642] Assume version compatibility. PjRt-IFRT does not track XLA executable versions.
W0519 06:56:28.623060   43111 pjrt_executable.cc:642] Assume version compatibility. PjRt-IFRT does not track XLA executable versions.
W0519 06:56:28.629572   43111 pjrt_executable.cc:642] Assume version compatibility. PjRt-IFRT does not track XLA executable versions.
W0519 06:56:28.772359   43111 pjrt_executable.cc:642] Assume version compatibility. PjRt-IFRT does not track XLA executable versions.
W0519 06:56:28.823946   43111 pjrt_executable.cc:642] Assume version compatibility. PjRt-IFRT does not track XLA executable versions.
W0519 06:56:28.989065   43111 pjrt_executable.cc:642] Assume version compatibility. PjRt-IFRT does not track XLA executable versions.
W0519 06:56:29.077494   43111 pjrt_executable.cc:642] Assume version compatibility. PjRt-IFRT does not track XLA executable versions.
W0519 06:56:46.342137   43111 pjrt_executable.cc:642] Assume version compatibility. PjRt-IFRT does not track XLA executable versions.
W0519 06:56:46.454349   43111 pjrt_executable.cc:642] Assume version compatibility. PjRt-IFRT does not track XLA executable versions.
W0519 06:56:46.461949   43111 pjrt_executable.cc:642] Assume version compatibility. PjRt-IFRT does not track XLA executable versions.
W0519 06:56:46.469958   43111 pjrt_executable.cc:642] Assume version compatibility. PjRt-IFRT does not track XLA executable versions.
W0519 06:56:46.478689   43111 pjrt_executable.cc:642] Assume version compatibility. PjRt-IFRT does not track XLA executable versions.
W0519 06:56:46.502249   43111 pjrt_executable.cc:642] Assume version compatibility. PjRt-IFRT does not track XLA executable versions.
W0519 06:56:46.508555   43111 pjrt_executable.cc:642] Assume version compatibility. PjRt-IFRT does not track XLA executable versions.
W0519 06:56:46.516776   43111 pjrt_executable.cc:642] Assume version compatibility. PjRt-IFRT does not track XLA executable versions.
W0519 06:56:46.525302   43111 pjrt_executable.cc:642] Assume version compatibility. PjRt-IFRT does not track XLA executable versions.
W0519 06:56:46.532981   43111 pjrt_executable.cc:642] Assume version compatibility. PjRt-IFRT does not track XLA executable versions.
W0519 06:56:46.790712   43111 pjrt_executable.cc:642] Assume version compatibility. PjRt-IFRT does not track XLA executable versions.
Traceback (most recent call last):
  File "/fs04/fc37/adam/projects/hgf-analysis/scripts/03_pre_analysis/06_recovery_validation_modeb.py", line 334, in <module>
    main()
  File "/fs04/fc37/adam/projects/hgf-analysis/scripts/03_pre_analysis/06_recovery_validation_modeb.py", line 299, in main
    result = run_condition(cond, args.seed)
             ^^^^^^^^^^^^^^^^^^^^^^^^^^^^^^
  File "/fs04/fc37/adam/projects/hgf-analysis/scripts/03_pre_analysis/06_recovery_validation_modeb.py", line 188, in run_condition
    result = fit_batch_hierarchical(sim_df, fit_config, x_covariate=x_covariate)
             ^^^^^^^^^^^^^^^^^^^^^^^^^^^^^^^^^^^^^^^^^^^^^^^^^^^^^^^^^^^^^^^^^^^
  File "/fs04/fc37/adam/projects/hgf-analysis/src/prl_hgf/fitting/hierarchical.py", line 3857, in fit_batch_hierarchical
    positions, sample_stats, n_chains_actual, adapted_params = _run_blackjax_nuts(
                                                               ^^^^^^^^^^^^^^^^^^^
  File "/fs04/fc37/adam/projects/hgf-analysis/src/prl_hgf/fitting/hierarchical.py", line 1803, in _run_blackjax_nuts
    _p_axis = jax.tree_util.tree_leaves(initial_position)[0].shape[0]
              ~~~~~~~~~~~~~~~~~~~~~~~~~~~~~~~~~~~~~~~~~~~~~~~~~~~~^^^
IndexError: tuple index out of range
