============================================================
Commit: 4a3b541 [372 dirty] — chore(workflow): switch to Mutagen-based code sync, retire inline git push
Run job:    55496150 on m3g112
============================================================
Added ptxas to PATH: /scratch/fc37/aman0087/conda/envs/ds_env_v10/lib/python3.11/site-packages/nvidia/cu13/bin

=== CUDA Environment Check ===
Driver CUDA version: 13.0
ptxas CUDA version:  13.2

ERROR: ptxas CUDA version (13.2) > driver CUDA version (13.0)
  XLA will disable parallel compilation, causing 2-5x slower JIT.
  FIX: pip install -r cluster/requirements-gpu.txt
WARNING: CUDA compatibility issue detected (non-fatal, continuing)

============================================================
Phase 33-06 Mode B Recovery Validation
============================================================
Job ID:    55496150
Node:      m3g112
GPU(s):    0
JAX cache: /scratch/fc37/aman0087/.jax_cache_gpu/shared
Conda env: ds_env_v10
Start:     Tue May 19 06:55:51 AM AEST 2026
============================================================

Running Mode B recovery validation (both conditions)...


============================================================
Condition: orthogonal, seed=123, P=66
x_covariate range: [-2.21, 2.29]
x_covariate mean: 0.057
============================================================

Simulation complete in 23.2s
sim_df shape: (27720, 13)
[fit_batch_hierarchical] entered: model=hgf_2level sampler=blackjax n_chains=4 n_tune=1000 n_draws=2000 target_accept=0.95 warmup_skipped=False sim_df_rows=27720
[fit_batch_hierarchical t=0.4s] cohort assembled: P=66 n_trials=420 (BlackJAX path, Mode B)
[fit_batch_hierarchical t=0.4s] building closure-based logdensity (warmup-only, no JIT yet)
[fit_batch_hierarchical t=0.4s] logdensity built in 0.0s
[fit_batch_hierarchical t=0.5s] dispatching to _run_blackjax_nuts

============================================================
RECOVERY VALIDATION FAILED (exit code: 1)

End: Tue May 19 06:56:47 AM AEST 2026
============================================================
