============================================================
Commit: 4a3b541 [209 dirty] — chore(workflow): switch to Mutagen-based code sync, retire inline git push
Run job:    55494448 on m3g110
============================================================

=== CUDA Environment Check ===
FAIL: ptxas not found in PATH

  XLA parallel compilation is DISABLED without ptxas.
  This causes 3-5x slower JIT and is the #1 bottleneck.

  FIX: pip install -r cluster/requirements-gpu.txt
       (installs nvidia-cuda-nvcc-cu12==12.8.93)


WARNING: CUDA compatibility issue detected.
  The smoke test will run but is expected to FAIL the JIT gates.
  Install the fix first: pip install -r cluster/requirements-gpu.txt

XLA autotune: loading cached results from /scratch/fc37/aman0087/.xla_autotune_cache/results.pb

============================================================
Phase 16/17 GPU Smoke Test (BlackJAX NUTS)
============================================================
Job ID:  55494448
Node:    m3g110
GPU(s):  0
JAX cache: /scratch/fc37/aman0087/.jax_cache_gpu/shared
Start:   Tue May 19 02:40:24 AM AEST 2026
============================================================

JAX devices: [CudaDevice(id=0)]
GPU: cuda:0

============================================================
SMOKE TEST MODE (JIT compilation diagnostics)
============================================================

JAX devices (1 total, 1 GPU):
  cuda:0

  GPU   Name                    VRAM Used/Total   Util   Temp
  ----- -------------------- ------------------ ------ ------
  0     NVIDIA L40S             445/46068  MB    0%   42C

  WARNING: ptxas not found — XLA parallel compilation disabled

  XLA/JAX environment:
    JAX_COMPILATION_CACHE_DIR = /scratch/fc37/aman0087/.jax_cache_gpu/shared
    JAX_PERSISTENT_CACHE_MIN_ENTRY_SIZE_BYTES = 0
    JAX_LOG_COMPILES = 1
    JAX_PLATFORMS = (unset)
    XLA_FLAGS = --xla_gpu_dump_autotune_results_to=/scratch/fc37/aman0087/.xla_autotune_cache/results.pb --xla_gpu_load_autotune_results_from=/scratch/fc37/aman0087/.xla_autotune_cache/results.pb
    XLA_PYTHON_CLIENT_PREALLOCATE = false
    XLA_PYTHON_CLIENT_MEM_FRACTION = (unset)
    CUDA_VISIBLE_DEVICES = 0
    JAX_ENABLE_X64 = 0

  JAX cache (before):
    dir:    /scratch/fc37/aman0087/.jax_cache_gpu/shared
    exists: True
    files:  2792
    size:   28.86 MB

  JAX 0.9.2, jaxlib 0.9.2

Smoke test config:
  N per group:            5
  Participant-sessions:   30
  Chains:                 2
  Draws/tune:             10/10
  Model:                  hgf_2level
  κ frozen at:            1.0 (geometry fix — see _KAPPA_FIXED)
  log_every:              0 (0 = off)
  GPUs available:         1
  Chain method:           vectorized (jit_model_args=True)

Step 1: Simulate cohort (N=5/group)...
Collecting participant-session parameters and trial sequences…
Collection done in 0.1s. Running JAX vmap…
JAX vmap completed in 1.3s.
  Simulation: 3.24s

Step 2: Cold JIT (first MCMC call — includes XLA compilation)...
  GPU 0 VRAM before: 451/46068 MB
[fit_batch_hierarchical] entered: model=hgf_2level sampler=blackjax n_chains=2 n_tune=10 n_draws=10 target_accept=0.9 warmup_skipped=False sim_df_rows=12600
[fit_batch_hierarchical t=0.3s] cohort assembled: P=30 n_trials=420 (BlackJAX path, Mode A)
[fit_batch_hierarchical t=0.3s] building closure-based logdensity (warmup-only, no JIT yet)
[fit_batch_hierarchical t=0.3s] logdensity built in 0.0s
[fit_batch_hierarchical t=0.3s] dispatching to _run_blackjax_nuts
[hierarchical] _run_blackjax_nuts entered: model=hgf_2level P=30 n_chains=2 n_tune=10 n_draws=10 warmup_skipped=False
[hierarchical t=0.0s] starting window_adaptation (num_steps=10, target_accept=0.9)
[hierarchical t=12.9s] window_adaptation complete in 12.9s
[diag warmup] n_steps=10 n_chains=2 P=30 elapsed=12.9s
[diag warmup] tree_depth: mean=3.90 median=5 p95=6 max=6 saturated_frac=0.000
[diag warmup] leapfrog_per_step: mean=26.2 median=31 p95=63 max=63 total=262
[diag warmup] derived: 49.15ms per leapfrog (across all chains)
[diag warmup] accept_rate: mean=0.745
[diag warmup] divergent: count=2 rate=0.2000
[diag warmup] energy: mean=12773.41 std=362.36 |dE|_mean=104.868 |dE|_max=406.86
[diag warmup] adapted step_size: 0.0803
[diag warmup] inverse_mass_matrix: size=90 min=1 max=1 cond=1
[hierarchical t=12.9s] chain strategy: use_shard_map=False (automatic, n_devices=1, n_chains=2)
[hierarchical t=12.9s] building sample loop (traced-arg path, log_every=0)
[hierarchical t=12.9s] sample loop built in 0.0s
[hierarchical t=12.9s] sample_loop dispatch (compile+sample begins)
[hierarchical t=26.9s] sample_loop complete in 14.0s
[diag sample] n_steps=10 n_chains=2 P=30 elapsed=14.0s
[diag sample] tree_depth: mean=5.10 median=5 p95=6 max=6 saturated_frac=0.000
[diag sample] leapfrog_per_step: mean=34.2 median=31 p95=63 max=63 total=684
[diag sample] derived: 20.52ms per leapfrog (across all chains)
[diag sample] accept_rate: mean=0.513
[diag sample] divergent: count=0 rate=0.0000
[diag sample] energy: mean=12435.72 std=91.12 |dE|_mean=67.690 |dE|_max=186.16
[hierarchical t=27.0s] post-process complete in 0.0s (traced-arg path returning)
[fit_batch_hierarchical t=27.7s] _run_blackjax_nuts returned in 27.4s
[fit_batch_hierarchical t=27.7s] _samples_to_idata complete in 0.0s (BlackJAX path returning, total wall 27.7s)
  Cold JIT: 27.70s
  NUTS stats (cold):
    integration_steps: mean=34 p50=31 p95=63 max=63
    trajectory_expansions: mean=5.1 max=6 (10 = hit max_tree_depth cap)
    acceptance_rate: mean=0.513  divergence_rate: 0.000
  GPU 0 VRAM after:  469/46068 MB
  Cache delta: +0 files, +0.0 MB

Step 3: Warm JIT (same shape, different seed — tests cache reuse)...
Collecting participant-session parameters and trial sequences…
Collection done in 0.0s. Running JAX vmap…
JAX vmap completed in 0.3s.
[fit_batch_hierarchical] entered: model=hgf_2level sampler=blackjax n_chains=2 n_tune=10 n_draws=10 target_accept=0.9 warmup_skipped=True sim_df_rows=12600
[fit_batch_hierarchical t=0.2s] cohort assembled: P=30 n_trials=420 (BlackJAX path, Mode A)
[fit_batch_hierarchical t=0.2s] building closure-based logdensity (warmup-only, no JIT yet)
[fit_batch_hierarchical t=0.2s] logdensity built in 0.0s
[fit_batch_hierarchical t=0.2s] dispatching to _run_blackjax_nuts
[hierarchical] _run_blackjax_nuts entered: model=hgf_2level P=30 n_chains=2 n_tune=10 n_draws=10 warmup_skipped=True
[hierarchical t=0.0s] skipping window_adaptation (warmup_params provided)
[hierarchical t=0.0s] chain strategy: use_shard_map=False (automatic, n_devices=1, n_chains=2)
[hierarchical t=0.0s] building sample loop (traced-arg path, log_every=0)
[hierarchical t=0.0s] sample loop built in 0.0s
[hierarchical t=0.0s] sample_loop dispatch (compile+sample begins)
[hierarchical t=20.2s] sample_loop complete in 20.2s
[diag sample] n_steps=10 n_chains=2 P=30 elapsed=20.2s
[diag sample] tree_depth: mean=5.10 median=5 p95=7 max=7 saturated_frac=0.000
[diag sample] leapfrog_per_step: mean=44.0 median=31 p95=97 max=127 total=880
[diag sample] derived: 22.97ms per leapfrog (across all chains)
[diag sample] accept_rate: mean=0.723
[diag sample] divergent: count=0 rate=0.0000
[diag sample] energy: mean=12570.40 std=283.08 |dE|_mean=186.237 |dE|_max=525.95
[hierarchical t=20.2s] post-process complete in 0.0s (traced-arg path returning)
[fit_batch_hierarchical t=20.4s] _run_blackjax_nuts returned in 20.2s
[fit_batch_hierarchical t=20.4s] _samples_to_idata complete in 0.0s (BlackJAX path returning, total wall 20.4s)
  Warm JIT: 20.39s (warmup skipped via warmup_params)
  NUTS stats (warm1):
    integration_steps: mean=44 p50=31 p95=97 max=127
    trajectory_expansions: mean=5.1 max=7 (10 = hit max_tree_depth cap)
    acceptance_rate: mean=0.723  divergence_rate: 0.000

Step 3b: Warm JIT #2 (pure execute — trace cache reuse)...
[fit_batch_hierarchical] entered: model=hgf_2level sampler=blackjax n_chains=2 n_tune=10 n_draws=10 target_accept=0.9 warmup_skipped=True sim_df_rows=12600
[fit_batch_hierarchical t=0.2s] cohort assembled: P=30 n_trials=420 (BlackJAX path, Mode A)
[fit_batch_hierarchical t=0.2s] building closure-based logdensity (warmup-only, no JIT yet)
[fit_batch_hierarchical t=0.2s] logdensity built in 0.0s
[fit_batch_hierarchical t=0.2s] dispatching to _run_blackjax_nuts
[hierarchical] _run_blackjax_nuts entered: model=hgf_2level P=30 n_chains=2 n_tune=10 n_draws=10 warmup_skipped=True
[hierarchical t=0.0s] skipping window_adaptation (warmup_params provided)
[hierarchical t=0.0s] chain strategy: use_shard_map=False (automatic, n_devices=1, n_chains=2)
[hierarchical t=0.0s] building sample loop (traced-arg path, log_every=0)
[hierarchical t=0.0s] sample loop built in 0.0s
[hierarchical t=0.0s] sample_loop dispatch (compile+sample begins)
[hierarchical t=24.0s] sample_loop complete in 24.0s
[diag sample] n_steps=10 n_chains=2 P=30 elapsed=24.0s
[diag sample] tree_depth: mean=5.25 median=5 p95=7 max=7 saturated_frac=0.000
[diag sample] leapfrog_per_step: mean=48.4 median=31 p95=97 max=127 total=968
[diag sample] derived: 24.83ms per leapfrog (across all chains)
[diag sample] accept_rate: mean=0.685
[diag sample] divergent: count=0 rate=0.0000
[diag sample] energy: mean=12569.10 std=258.73 |dE|_mean=205.208 |dE|_max=549.62
[hierarchical t=24.0s] post-process complete in 0.0s (traced-arg path returning)
[fit_batch_hierarchical t=24.2s] _run_blackjax_nuts returned in 24.0s
[fit_batch_hierarchical t=24.2s] _samples_to_idata complete in 0.0s (BlackJAX path returning, total wall 24.2s)
  Warm JIT #2: 24.23s
  NUTS stats (warm2):
    integration_steps: mean=48 p50=31 p95=97 max=127
    trajectory_expansions: mean=5.2 max=7 (10 = hit max_tree_depth cap)
    acceptance_rate: mean=0.685  divergence_rate: 0.000
  warm1 - warm2 = -3.84s (estimate of Python retrace + XLA compile cost per call)
  warm2 ≈ pure sampling execute time
  GPU 0 VRAM after:  469/46068 MB
  Cache delta: +0 files, +0.0 MB
  OK: no new cache entries (cache hit)

============================================================
SMOKE TEST RESULTS
============================================================
  GPU:                cuda:0
  ptxas:              not found
  Chain method:       vectorized
  Sim vmap:           3.24s
  Cold JIT:           27.70s
  Warm JIT:           20.39s
  Cache speedup:      1.4x
  Cache files before: 2792
  Cache files after:  2792

GATES:
  Cold JIT < 600s:    PASS (28s)
  Cache speedup > 3x: FAIL (1.4x)
  Warm JIT < 120s:    PASS (20s)
  Overall:            FAIL

  FIX: XLA cache not reusing compiled kernels.
       Verify JAX_COMPILATION_CACHE_DIR is set and writable.
       Verify data is passed as dynamic args (not closure).
       DIAGNOSTIC: no new cache entries from warm JIT —
       cache hit occurred but compilation still slow.
       This suggests the model itself is slow, not the cache.
============================================================

Results saved to: /fs04/fc37/adam/projects/hgf-analysis/models/power/smoke_test.json

============================================================
SMOKE TEST FAILED (exit code: 1)
  Check: logs/smoke16_55494448.err
  Most likely fix: pip install -r cluster/requirements-gpu.txt

End: Tue May 19 02:42:27 AM AEST 2026
============================================================
