============================================================
Commit: 4a3b541 [23 dirty] — chore(workflow): switch to Mutagen-based code sync, retire inline git push
Run job:    55199014 on m3g112
============================================================
Added ptxas to PATH: /scratch/fc37/aman0087/conda/envs/ds_env_v10/lib/python3.11/site-packages/nvidia/cuda_nvcc/bin

=== CUDA Environment Check ===
Driver CUDA version: 13.0
ptxas CUDA version:  12.8
OK: ptxas version <= driver version (XLA parallel compilation enabled)
XLA autotune: loading cached results from /scratch/fc37/aman0087/.xla_autotune_cache/results.pb

============================================================
Phase 16/17 GPU Smoke Test (BlackJAX NUTS)
============================================================
Job ID:  55199014
Node:    m3g112
GPU(s):  0
JAX cache: /scratch/fc37/aman0087/.jax_cache_gpu/shared
Start:   Fri May  8 07:08:43 AM AEST 2026
============================================================

JAX devices: [CpuDevice(id=0)]
ERROR: No GPU detected — smoke test results will not be meaningful!

============================================================
SMOKE TEST MODE (JIT compilation diagnostics)
============================================================

JAX devices (1 total, 0 GPU):
  TFRT_CPU_0
  WARNING: No GPU detected — running on CPU.

  GPU   Name                    VRAM Used/Total   Util   Temp
  ----- -------------------- ------------------ ------ ------
  0     NVIDIA L40S               0/46068  MB    0%   30C

  ptxas: Cuda compilation tools, release 12.8, V12.8.93

  XLA/JAX environment:
    JAX_COMPILATION_CACHE_DIR = /scratch/fc37/aman0087/.jax_cache_gpu/shared
    JAX_PERSISTENT_CACHE_MIN_ENTRY_SIZE_BYTES = 0
    JAX_LOG_COMPILES = 1
    JAX_PLATFORMS = (unset)
    XLA_FLAGS = --xla_gpu_dump_autotune_results_to=/scratch/fc37/aman0087/.xla_autotune_cache/results.pb --xla_gpu_load_autotune_results_from=/scratch/fc37/aman0087/.xla_autotune_cache/results.pb
    XLA_PYTHON_CLIENT_PREALLOCATE = false
    XLA_PYTHON_CLIENT_MEM_FRACTION = (unset)
    CUDA_VISIBLE_DEVICES = 0
    JAX_ENABLE_X64 = (unset)

  JAX cache (before):
    dir:    /scratch/fc37/aman0087/.jax_cache_gpu/shared
    exists: True
    files:  2438
    size:   25.44 MB

  JAX 0.9.2, jaxlib 0.9.2

Smoke test config:
  N per group:            5
  Participant-sessions:   30
  Chains:                 2
  Draws/tune:             10/10
  Model:                  hgf_2level
  κ frozen at:            1.0 (geometry fix — see _KAPPA_FIXED)
  log_every:              0 (0 = off)
  GPUs available:         0
  Chain method:           vectorized (jit_model_args=True)

Step 1: Simulate cohort (N=5/group)...
Collecting participant-session parameters and trial sequences…
Collection done in 0.1s. Running JAX vmap…
JAX vmap completed in 3.6s.
  Simulation: 4.85s

Step 2: Cold JIT (first MCMC call — includes XLA compilation)...
  GPU 0 VRAM before: 0/46068 MB
[fit_batch_hierarchical] entered: model=hgf_2level sampler=blackjax n_chains=2 n_tune=10 n_draws=10 target_accept=0.9 warmup_skipped=False sim_df_rows=12600
[fit_batch_hierarchical t=0.4s] cohort assembled: P=30 n_trials=420 (BlackJAX path)
[fit_batch_hierarchical t=0.4s] building closure-based logdensity (warmup-only, no JIT yet)
[fit_batch_hierarchical t=0.4s] logdensity built in 0.0s
[fit_batch_hierarchical t=0.4s] dispatching to _run_blackjax_nuts
[hierarchical] _run_blackjax_nuts entered: model=hgf_2level P=30 n_chains=2 n_tune=10 n_draws=10 warmup_skipped=False
[hierarchical t=0.1s] starting window_adaptation (num_steps=10, target_accept=0.9)
[hierarchical t=8.8s] window_adaptation complete in 8.8s
[diag warmup] n_steps=10 n_chains=2 P=30 elapsed=8.8s
[diag warmup] tree_depth: mean=3.90 median=5 p95=6 max=6 saturated_frac=0.000
[diag warmup] leapfrog_per_step: mean=26.2 median=31 p95=63 max=63 total=262
[diag warmup] derived: 33.41ms per leapfrog (across all chains)
[diag warmup] accept_rate: mean=0.745
[diag warmup] divergent: count=2 rate=0.2000
[diag warmup] energy: mean=12773.46 std=362.32 |dE|_mean=104.926 |dE|_max=406.86
[diag warmup] adapted step_size: 0.08032
[diag warmup] inverse_mass_matrix: size=90 min=1 max=1 cond=1
[hierarchical t=8.8s] chain strategy: use_pmap=False (n_devices=1, n_chains=2)
[hierarchical t=8.8s] building sample loop (traced-arg path, log_every=0)
[hierarchical t=8.8s] sample loop built in 0.0s
[hierarchical t=8.8s] sample_loop dispatch (compile+sample begins)
[hierarchical t=16.0s] sample_loop complete in 7.2s
[diag sample] n_steps=10 n_chains=2 P=30 elapsed=7.2s
[diag sample] tree_depth: mean=5.10 median=5 p95=6 max=6 saturated_frac=0.000
[diag sample] leapfrog_per_step: mean=35.0 median=31 p95=63 max=63 total=700
[diag sample] derived: 10.22ms per leapfrog (across all chains)
[diag sample] accept_rate: mean=0.487
[diag sample] divergent: count=0 rate=0.0000
[diag sample] energy: mean=12476.70 std=52.62 |dE|_mean=72.119 |dE|_max=185.72
[hierarchical t=16.1s] post-process complete in 0.1s (traced-arg path returning)
[fit_batch_hierarchical t=17.0s] _run_blackjax_nuts returned in 16.6s
[fit_batch_hierarchical t=17.1s] _samples_to_idata complete in 0.0s (BlackJAX path returning, total wall 17.1s)
  Cold JIT: 17.06s
  NUTS stats (cold):
    integration_steps: mean=35 p50=31 p95=63 max=63
    trajectory_expansions: mean=5.1 max=6 (10 = hit max_tree_depth cap)
    acceptance_rate: mean=0.487  divergence_rate: 0.000
  GPU 0 VRAM after:  0/46068 MB
  Cache delta: +130 files, +2.0 MB

Step 3: Warm JIT (same shape, different seed — tests cache reuse)...
Collecting participant-session parameters and trial sequences…
Collection done in 0.0s. Running JAX vmap…
JAX vmap completed in 0.5s.
[fit_batch_hierarchical] entered: model=hgf_2level sampler=blackjax n_chains=2 n_tune=10 n_draws=10 target_accept=0.9 warmup_skipped=True sim_df_rows=12600
[fit_batch_hierarchical t=0.1s] cohort assembled: P=30 n_trials=420 (BlackJAX path)
[fit_batch_hierarchical t=0.1s] building closure-based logdensity (warmup-only, no JIT yet)
[fit_batch_hierarchical t=0.1s] logdensity built in 0.0s
[fit_batch_hierarchical t=0.1s] dispatching to _run_blackjax_nuts
[hierarchical] _run_blackjax_nuts entered: model=hgf_2level P=30 n_chains=2 n_tune=10 n_draws=10 warmup_skipped=True
[hierarchical t=0.0s] skipping window_adaptation (warmup_params provided)
[hierarchical t=0.0s] chain strategy: use_pmap=False (n_devices=1, n_chains=2)
[hierarchical t=0.0s] building sample loop (traced-arg path, log_every=0)
[hierarchical t=0.0s] sample loop built in 0.0s
[hierarchical t=0.0s] sample_loop dispatch (compile+sample begins)
[hierarchical t=6.4s] sample_loop complete in 6.4s
[diag sample] n_steps=10 n_chains=2 P=30 elapsed=6.4s
[diag sample] tree_depth: mean=5.10 median=5 p95=7 max=7 saturated_frac=0.000
[diag sample] leapfrog_per_step: mean=44.0 median=31 p95=97 max=127 total=880
[diag sample] derived: 7.23ms per leapfrog (across all chains)
[diag sample] accept_rate: mean=0.712
[diag sample] divergent: count=0 rate=0.0000
[diag sample] energy: mean=12571.03 std=282.11 |dE|_mean=185.093 |dE|_max=526.02
[hierarchical t=6.4s] post-process complete in 0.0s (traced-arg path returning)
[fit_batch_hierarchical t=6.5s] _run_blackjax_nuts returned in 6.4s
[fit_batch_hierarchical t=6.5s] _samples_to_idata complete in 0.0s (BlackJAX path returning, total wall 6.5s)
  Warm JIT: 6.47s (warmup skipped via warmup_params)
  NUTS stats (warm1):
    integration_steps: mean=44 p50=31 p95=97 max=127
    trajectory_expansions: mean=5.1 max=7 (10 = hit max_tree_depth cap)
    acceptance_rate: mean=0.712  divergence_rate: 0.000

Step 3b: Warm JIT #2 (pure execute — trace cache reuse)...
[fit_batch_hierarchical] entered: model=hgf_2level sampler=blackjax n_chains=2 n_tune=10 n_draws=10 target_accept=0.9 warmup_skipped=True sim_df_rows=12600
[fit_batch_hierarchical t=0.1s] cohort assembled: P=30 n_trials=420 (BlackJAX path)
[fit_batch_hierarchical t=0.1s] building closure-based logdensity (warmup-only, no JIT yet)
[fit_batch_hierarchical t=0.1s] logdensity built in 0.0s
[fit_batch_hierarchical t=0.1s] dispatching to _run_blackjax_nuts
[hierarchical] _run_blackjax_nuts entered: model=hgf_2level P=30 n_chains=2 n_tune=10 n_draws=10 warmup_skipped=True
[hierarchical t=0.0s] skipping window_adaptation (warmup_params provided)
[hierarchical t=0.0s] chain strategy: use_pmap=False (n_devices=1, n_chains=2)
[hierarchical t=0.0s] building sample loop (traced-arg path, log_every=0)
[hierarchical t=0.0s] sample loop built in 0.0s
[hierarchical t=0.0s] sample_loop dispatch (compile+sample begins)
[hierarchical t=6.6s] sample_loop complete in 6.6s
[diag sample] n_steps=10 n_chains=2 P=30 elapsed=6.6s
[diag sample] tree_depth: mean=5.15 median=5 p95=7 max=7 saturated_frac=0.000
[diag sample] leapfrog_per_step: mean=45.2 median=31 p95=97 max=127 total=904
[diag sample] derived: 7.29ms per leapfrog (across all chains)
[diag sample] accept_rate: mean=0.674
[diag sample] divergent: count=0 rate=0.0000
[diag sample] energy: mean=12565.44 std=262.28 |dE|_mean=212.881 |dE|_max=549.50
[hierarchical t=6.6s] post-process complete in 0.0s (traced-arg path returning)
[fit_batch_hierarchical t=6.7s] _run_blackjax_nuts returned in 6.6s
[fit_batch_hierarchical t=6.7s] _samples_to_idata complete in 0.0s (BlackJAX path returning, total wall 6.7s)
  Warm JIT #2: 6.73s
  NUTS stats (warm2):
    integration_steps: mean=45 p50=31 p95=97 max=127
    trajectory_expansions: mean=5.2 max=7 (10 = hit max_tree_depth cap)
    acceptance_rate: mean=0.674  divergence_rate: 0.000
  warm1 - warm2 = -0.26s (estimate of Python retrace + XLA compile cost per call)
  warm2 ≈ pure sampling execute time
  GPU 0 VRAM after:  0/46068 MB
  Cache delta: +0 files, +0.0 MB
  OK: no new cache entries (cache hit)

============================================================
SMOKE TEST RESULTS
============================================================
  GPU:                none (CPU only)
  ptxas:              Cuda compilation tools, release 12.8, V12.8.93
  Chain method:       vectorized
  Sim vmap:           4.85s
  Cold JIT:           17.06s
  Warm JIT:           6.47s
  Cache speedup:      2.6x
  Cache files before: 2438
  Cache files after:  2568

GATES:
  Cold JIT < 600s:    PASS (17s)
  Cache speedup > 3x: FAIL (2.6x)
  Warm JIT < 120s:    PASS (6s)
  Overall:            FAIL

  FIX: XLA cache not reusing compiled kernels.
       Verify JAX_COMPILATION_CACHE_DIR is set and writable.
       Verify data is passed as dynamic args (not closure).
       DIAGNOSTIC: no new cache entries from warm JIT —
       cache hit occurred but compilation still slow.
       This suggests the model itself is slow, not the cache.
============================================================

Results saved to: /fs04/fc37/adam/projects/hgf-analysis/models/power/smoke_test.json

============================================================
SMOKE TEST FAILED (exit code: 1)
  Check: logs/smoke16_55199014.err
  Most likely fix: pip install -r cluster/requirements-gpu.txt

End: Fri May  8 07:09:47 AM AEST 2026
============================================================
