============================================================
Commit: 4a3b541
Smoke test cell 0 on m3g111
============================================================

Running SMOKE cell 0 (n_draws=50, n_warmup=50)...

============================================================
Phase 34 Grid Sweep (Mode B) — Cell 0000
============================================================
  Model:       hgf_2level
  n_per_group: 10
  P_total:     60
  Mitigation:  hier+M1
  Has cov:     False
  Cohort seed: 99000
  MCMC seed:   99000
  Job ID:      55538839_0
============================================================

Loaded FitConfig: configs/fit/hier_m1_2level.yaml
  n_draws=50, n_warmup=50, mass=dense, laplace=False, non_centered=(), pooling=hierarchical

Wrote started marker: models/power/bench_mode_b_results/cell_0000_started.json

Simulating hierarchical cohort (n_per_group=10)...
  Simulation done in 16.8s (25200 trial rows)

Fitting (cell 0000)...
[fit_batch_hierarchical] entered: model=hgf_2level sampler=blackjax n_chains=4 n_tune=50 n_draws=50 target_accept=0.95 warmup_skipped=False sim_df_rows=25200
[fit_batch_hierarchical t=0.3s] cohort assembled: P=60 n_trials=420 (BlackJAX path, Mode B)
[fit_batch_hierarchical t=0.3s] building closure-based logdensity (warmup-only, no JIT yet)
[fit_batch_hierarchical t=0.3s] logdensity built in 0.0s
[fit_batch_hierarchical t=0.3s] dispatching to _run_blackjax_nuts
[hierarchical] _run_blackjax_nuts entered: model=hgf_2level P=60 n_chains=4 n_tune=50 n_draws=50 warmup_skipped=False
[hierarchical t=0.0s] starting window_adaptation (num_steps=50, target_accept=0.95)
[hierarchical t=289.0s] window_adaptation complete in 288.9s
[diag warmup] n_steps=50 n_chains=4 P=60 elapsed=288.9s
[diag warmup] tree_depth: mean=5.82 median=6 p95=10 max=10 saturated_frac=0.060
[diag warmup] leapfrog_per_step: mean=124.6 median=63 p95=793 max=1023 total=6229
[diag warmup] derived: 46.39ms per leapfrog (across all chains)
[diag warmup] accept_rate: mean=0.895 final50=0.895
[diag warmup] divergent: count=3 rate=0.0600
[diag warmup] energy: mean=26112.50 std=246.76 |dE|_mean=29.360 |dE|_max=549.84
[diag warmup] adapted step_size: 0.1378
[diag warmup] inverse_mass_matrix: size=17957 min=1.237e-06 max=0.2582 cond=2.1e+05
[hierarchical t=289.0s] chain strategy: use_shard_map=False (automatic, n_devices=1, n_chains=4)
[fit_batch_hierarchical t=2570.4s] _run_blackjax_nuts returned in 2570.1s
[fit_batch_hierarchical t=2570.6s] _samples_to_idata complete in 0.2s (BlackJAX path returning, total wall 2570.6s)

============================================================
RESULT: INVALID
  Walltime:    2587.5s (fit: 2570.6s)
  R-hat max:   1.3200
  ESS min:     11.0
  Div rate:    0.0000 (0/200)
  r(mu) omega_2: 1.000
  r(mu) log_beta: 1.000
  r(mu) zeta: 1.000
============================================================

Result written: models/power/bench_mode_b_results/cell_0000.json

============================================================
SMOKE CELL 0 COMPLETE
{
    "cell_id": 0,
    "model": "hgf_2level",
    "n_per_group": 10,
    "p_total": 60,
    "mitigation_combo": "hier+M1",
    "has_covariate": false,
    "cohort_seed": 99000,
    "mcmc_seed": 99000,
    "status": "INVALID",
    "walltime_s": 2587.46,
    "fit_time_s": 2570.62,
    "rhat_max": 1.32,
    "ess_min": 11.0,
    "divergent_rate": 0.0,
    "n_divergent": 0,
    "n_total_samples": 200,
    "recovery_r_individual": {},
    "recovery_r_mu": {
        "omega_2": 0.9999999999999999,
        "log_beta": 0.9999999999999999,
        "zeta": 0.9999999999999999
    },
    "recovery_sigma": {
        "omega_2": {
            "true": 0.5,
            "posterior_mean": 0.2812439952711959,
            "relative_error": 0.43751200945760815
        },
        "log_beta": {
            "true": 0.5,
            "posterior_mean": 0.5535312465953195,
            "relative_error": 0.10706249319063899
        },
        "zeta": {
            "true": 0.5,
            "posterior_mean": 0.5170914597574353,
            "relative_error": 0.034182919514870624
        }
    },
    "fit_config_yaml": "configs/fit/hier_m1_2level.yaml",
    "job_id": "55538839_0",
    "commit": "4a3b541"
}
End: Thu May 21 04:12:34 AM AEST 2026
============================================================
